     VMA      LMA     Size Align Out     In      Symbol
       0        0        0     1 __DYNAMIC = 0
       0        0        0     1 _min_stack = 0x4000
       0        0        0     1 _stack_len = LENGTH(stack)
       0        0        0     1 _stack_start = ORIGIN(stack) + LENGTH(stack)
    8000     8000       8c     1 .vectors
    8000     8000        0     1         . = ALIGN(4)
    8000     8000       8c     1         crt0.riscv.o:(.vectors)
    8000     8000        0     1                 $x
    8000     8000        0     1                 .L0 
    8004     8004        0     1                 .L0 
    8008     8008        0     1                 .L0 
    800c     800c        0     1                 .L0 
    8010     8010        0     1                 .L0 
    8014     8014        0     1                 .L0 
    8018     8018        0     1                 .L0 
    801c     801c        0     1                 .L0 
    8020     8020        0     1                 .L0 
    8024     8024        0     1                 .L0 
    8028     8028        0     1                 .L0 
    802c     802c        0     1                 .L0 
    8030     8030        0     1                 .L0 
    8034     8034        0     1                 .L0 
    8038     8038        0     1                 .L0 
    803c     803c        0     1                 .L0 
    8040     8040        0     1                 .L0 
    8044     8044        0     1                 .L0 
    8048     8048        0     1                 .L0 
    804c     804c        0     1                 .L0 
    8050     8050        0     1                 .L0 
    8054     8054        0     1                 .L0 
    8058     8058        0     1                 .L0 
    805c     805c        0     1                 .L0 
    8060     8060        0     1                 .L0 
    8064     8064        0     1                 .L0 
    8068     8068        0     1                 .L0 
    806c     806c        0     1                 .L0 
    8070     8070        0     1                 .L0 
    8074     8074        0     1                 .L0 
    8078     8078        0     1                 .L0 
    807c     807c        0     1                 .L0 
    8080     8080        0     1                 .L0 
    8084     8084        0     1                 .L0 
    8088     8088        0     1                 .L0 
    808c     808c        0     1                 .L0 
    808c     808c      1d2     2 .text
    808c     808c        0     1         . = ALIGN(4)
    808c     808c        0     1         _stext = .
    808c     808c        0     2         include/exceptions.o:(.text)
    808c     808c        0     2         include/int.o:(.text)
    808c     808c        0     2         include/tcutils.o:(.text)
    808c     808c        0     2         include/utils.o:(.text)
    808c     808c        0     2         main.o:(.text)
    808c     808c      1c2     2         crt0.riscv.o:(.text)
    808c     808c        0     1                 reset_handler
    808c     808c        0     1                 .L0 
    808c     808c        0     1                 $x
    808c     808c        0     1                 .L0 
    808e     808e        0     1                 .L0 
    8090     8090        0     1                 .L0 
    8092     8092        0     1                 .L0 
    8094     8094        0     1                 .L0 
    8096     8096        0     1                 .L0 
    8098     8098        0     1                 .L0 
    809a     809a        0     1                 .L0 
    809c     809c        0     1                 .L0 
    809e     809e        0     1                 .L0 
    80a0     80a0        0     1                 .L0 
    80a2     80a2        0     1                 .L0 
    80a4     80a4        0     1                 .L0 
    80a6     80a6        0     1                 .L0 
    80a8     80a8        0     1                 .L0 
    80aa     80aa        0     1                 .L0 
    80ac     80ac        0     1                 .L0 
    80ae     80ae        0     1                 .L0 
    80b0     80b0        0     1                 .L0 
    80b2     80b2        0     1                 .L0 
    80b4     80b4        0     1                 .L0 
    80b6     80b6        0     1                 .L0 
    80b8     80b8        0     1                 .L0 
    80ba     80ba        0     1                 .L0 
    80bc     80bc        0     1                 .L0 
    80be     80be        0     1                 .L0 
    80c0     80c0        0     1                 .L0 
    80c2     80c2        0     1                 .L0 
    80c4     80c4        0     1                 .L0 
    80c6     80c6        0     1                 .L0 
    80c8     80c8        0     1                 .L0 
    80ca     80ca        0     1                 .Lpcrel_hi0
    80ca     80ca        0     1                 .L0 
    80d2     80d2        0     1                 .L0 
    80d2     80d2        0     1                 .L0 
    80d2     80d2        0     1                 _start
    80d6     80d6        0     1                 zero_loop
    80d6     80d6        0     1                 .L0 
    80d6     80d6        0     1                 .L0 
    80da     80da        0     1                 .L0 
    80dc     80dc        0     1                 .L0 
    80e0     80e0        0     1                 zero_loop_end
    80e0     80e0        0     1                 .L0 
    80e0     80e0        0     1                 .L0 
    80e2     80e2        0     1                 .L0 
    80e4     80e4        0     1                 .L0 
    80e8     80e8        0     1                 .L0 
    80ea     80ea        0     1                 .L0 
    80ec     80ec        0     1                 .L0 
    80f0     80f0        0     1                 ISR_I2C_ASM
    80f0     80f0        0     1                 .L0 
    80f0     80f0        0     1                 .L0 
    80f2     80f2        0     1                 .L0 
    80f4     80f4        0     1                 .L0 
    80f6     80f6        0     1                 .Lpcrel_hi1
    80f6     80f6        0     1                 .L0 
    80fe     80fe        0     1                 .L0 
    8102     8102        0     1                 ISR_UART_ASM
    8102     8102        0     1                 .L0 
    8102     8102        0     1                 .L0 
    8104     8104        0     1                 .L0 
    8106     8106        0     1                 .L0 
    8108     8108        0     1                 .Lpcrel_hi2
    8108     8108        0     1                 .L0 
    8110     8110        0     1                 .L0 
    8114     8114        0     1                 ISR_GPIO_ASM
    8114     8114        0     1                 .L0 
    8114     8114        0     1                 .L0 
    8116     8116        0     1                 .L0 
    8118     8118        0     1                 .L0 
    811a     811a        0     1                 .Lpcrel_hi3
    811a     811a        0     1                 .L0 
    8122     8122        0     1                 .L0 
    8126     8126        0     1                 ISR_SPIM0_ASM
    8126     8126        0     1                 .L0 
    8126     8126        0     1                 .L0 
    8128     8128        0     1                 .L0 
    812a     812a        0     1                 .L0 
    812c     812c        0     1                 .Lpcrel_hi4
    812c     812c        0     1                 .L0 
    8134     8134        0     1                 .L0 
    8138     8138        0     1                 ISR_SPIM1_ASM
    8138     8138        0     1                 .L0 
    8138     8138        0     1                 .L0 
    813a     813a        0     1                 .L0 
    813c     813c        0     1                 .L0 
    813e     813e        0     1                 .Lpcrel_hi5
    813e     813e        0     1                 .L0 
    8146     8146        0     1                 .L0 
    814a     814a        0     1                 ISR_TA_CMP_ASM
    814a     814a        0     1                 .L0 
    814a     814a        0     1                 .L0 
    814c     814c        0     1                 .L0 
    814e     814e        0     1                 .L0 
    8150     8150        0     1                 .Lpcrel_hi6
    8150     8150        0     1                 .L0 
    8158     8158        0     1                 .L0 
    815c     815c        0     1                 ISR_TA_OVF_ASM
    815c     815c        0     1                 .L0 
    815c     815c        0     1                 .L0 
    815e     815e        0     1                 .L0 
    8160     8160        0     1                 .L0 
    8162     8162        0     1                 .Lpcrel_hi7
    8162     8162        0     1                 .L0 
    816a     816a        0     1                 .L0 
    816e     816e        0     1                 ISR_TB_CMP_ASM
    816e     816e        0     1                 .L0 
    816e     816e        0     1                 .L0 
    8170     8170        0     1                 .L0 
    8172     8172        0     1                 .L0 
    8174     8174        0     1                 .Lpcrel_hi8
    8174     8174        0     1                 .L0 
    817c     817c        0     1                 .L0 
    8180     8180        0     1                 ISR_TB_OVF_ASM
    8180     8180        0     1                 .L0 
    8180     8180        0     1                 .L0 
    8182     8182        0     1                 .L0 
    8184     8184        0     1                 .L0 
    8186     8186        0     1                 .Lpcrel_hi9
    8186     8186        0     1                 .L0 
    818e     818e        0     1                 .L0 
    8192     8192        0     1                 illegal_insn_handler
    8192     8192        0     1                 .L0 
    8192     8192        0     1                 .L0 
    8194     8194        0     1                 .L0 
    8196     8196        0     1                 .L0 
    8198     8198        0     1                 .Lpcrel_hi10
    8198     8198        0     1                 .L0 
    81a0     81a0        0     1                 .L0 
    81a4     81a4        0     1                 ecall_insn_handler
    81a4     81a4        0     1                 .L0 
    81a4     81a4        0     1                 .L0 
    81a6     81a6        0     1                 .L0 
    81a8     81a8        0     1                 .L0 
    81aa     81aa        0     1                 .Lpcrel_hi11
    81aa     81aa        0     1                 .L0 
    81b2     81b2        0     1                 .L0 
    81b6     81b6        0     1                 store_regs
    81b6     81b6        0     1                 .L0 
    81b6     81b6        0     1                 .L0 
    81b8     81b8        0     1                 .L0 
    81ba     81ba        0     1                 .L0 
    81bc     81bc        0     1                 .L0 
    81be     81be        0     1                 .L0 
    81c0     81c0        0     1                 .L0 
    81c2     81c2        0     1                 .L0 
    81c4     81c4        0     1                 .L0 
    81c6     81c6        0     1                 .L0 
    81c8     81c8        0     1                 .L0 
    81ca     81ca        0     1                 .L0 
    81cc     81cc        0     1                 .L0 
    81ce     81ce        0     1                 .L0 
    81d0     81d0        0     1                 .L0 
    81d2     81d2        0     1                 .L0 
    81d4     81d4        0     1                 .L0 
    81d6     81d6        0     1                 .L0 
    81d8     81d8        0     1                 .L0 
    81dc     81dc        0     1                 .L0 
    81e0     81e0        0     1                 .L0 
    81e4     81e4        0     1                 .L0 
    81e6     81e6        0     1                 .L0 
    81e8     81e8        0     1                 .L0 
    81ea     81ea        0     1                 .L0 
    81ee     81ee        0     1                 .L0 
    81f2     81f2        0     1                 .L0 
    81f6     81f6        0     1                 .L0 
    81f8     81f8        0     1                 .L0 
    81fa     81fa        0     1                 .L0 
    81fc     81fc        0     1                 .L0 
    81fe     81fe        0     1                 end_except
    81fe     81fe        0     1                 .L0 
    81fe     81fe        0     1                 .L0 
    8200     8200        0     1                 .L0 
    8202     8202        0     1                 .L0 
    8204     8204        0     1                 .L0 
    8208     8208        0     1                 .L0 
    820c     820c        0     1                 .L0 
    8210     8210        0     1                 .L0 
    8212     8212        0     1                 .L0 
    8214     8214        0     1                 .L0 
    8216     8216        0     1                 .L0 
    821a     821a        0     1                 .L0 
    821e     821e        0     1                 .L0 
    8222     8222        0     1                 .L0 
    8224     8224        0     1                 .L0 
    8226     8226        0     1                 .L0 
    8228     8228        0     1                 .L0 
    822a     822a        0     1                 .L0 
    822c     822c        0     1                 .L0 
    822e     822e        0     1                 .L0 
    8230     8230        0     1                 .L0 
    8232     8232        0     1                 .L0 
    8234     8234        0     1                 .L0 
    8236     8236        0     1                 .L0 
    8238     8238        0     1                 .L0 
    823a     823a        0     1                 .L0 
    823c     823c        0     1                 .L0 
    823e     823e        0     1                 .L0 
    8240     8240        0     1                 .L0 
    8242     8242        0     1                 .L0 
    8244     8244        0     1                 .L0 
    8246     8246        0     1                 .L0 
    8248     8248        0     1                 .L0 
    824c     824c        0     1                 .L0 
    824c     824c        0     1                 .L0 
    824c     824c        0     1                 .L0 
    824c     824c        0     1                 _init
    824c     824c        0     1                 _fini
    824e     824e        0     1                 .L0 
    824e     824e        0     1         _etext = .
    824e     824e        0     1         __CTOR_LIST__ = .
    824e     824e        4     1         LONG((__CTOR_END__ - __CTOR_LIST__) / 4 - 2)
    8252     8252        4     1         LONG(0)
    8256     8256        0     1         __CTOR_END__ = .
    8256     8256        0     1         __DTOR_LIST__ = .
    8256     8256        4     1         LONG((__DTOR_END__ - __DTOR_LIST__) / 4 - 2)
    825a     825a        4     1         LONG(0)
    825e     825e        0     1         __DTOR_END__ = .
    825e     825e        0     1         _endtext = .
    825e     825e        2     2 .text.default_exception_handler_c
    825e     825e        2     2         include/exceptions.o:(.text.default_exception_handler_c)
    825e     825e        0     1                 .L0 
    825e     825e        0     1                 .L0 
    825e     825e        0     1                 .L0 
    825e     825e        0     1                 $x
    825e     825e        0     1                 .L0 
    825e     825e        2     1                 default_exception_handler_c
    8260     8260        0     1                 .L0 
    8260     8260        0     1                 .L0 
    8260     8260        2     2 .text.illegal_insn_handler_c
    8260     8260        2     2         include/exceptions.o:(.text.illegal_insn_handler_c)
    8260     8260        0     1                 .L0 
    8260     8260        0     1                 .L0 
    8260     8260        0     1                 .L0 
    8260     8260        0     1                 $x
    8260     8260        0     1                 .L0 
    8260     8260        2     1                 illegal_insn_handler_c
    8262     8262        0     1                 .L0 
    8262     8262        0     1                 .L0 
    8262     8262        2     2 .text.ecall_insn_handler_c
    8262     8262        2     2         include/exceptions.o:(.text.ecall_insn_handler_c)
    8262     8262        0     1                 .L0 
    8262     8262        0     1                 .L0 
    8262     8262        0     1                 .L0 
    8262     8262        0     1                 $x
    8262     8262        0     1                 .L0 
    8262     8262        2     1                 ecall_insn_handler_c
    8264     8264        0     1                 .L0 
    8264     8264        0     1                 .L0 
    8264     8264        2     2 .text.ISR_I2C
    8264     8264        2     2         include/int.o:(.text.ISR_I2C)
    8264     8264        0     1                 .L0 
    8264     8264        0     1                 .L0 
    8264     8264        0     1                 .L0 
    8264     8264        0     1                 $x
    8264     8264        0     1                 .L0 
    8264     8264        2     1                 ISR_I2C
    8266     8266        0     1                 .L0 
    8266     8266        0     1                 .L0 
    8266     8266        2     2 .text.ISR_UART
    8266     8266        2     2         include/int.o:(.text.ISR_UART)
    8266     8266        0     1                 .L0 
    8266     8266        0     1                 .L0 
    8266     8266        0     1                 .L0 
    8266     8266        0     1                 $x
    8266     8266        0     1                 .L0 
    8266     8266        2     1                 ISR_UART
    8268     8268        0     1                 .L0 
    8268     8268        0     1                 .L0 
    8268     8268        2     2 .text.ISR_GPIO
    8268     8268        2     2         include/int.o:(.text.ISR_GPIO)
    8268     8268        0     1                 .L0 
    8268     8268        0     1                 .L0 
    8268     8268        0     1                 .L0 
    8268     8268        0     1                 $x
    8268     8268        0     1                 .L0 
    8268     8268        2     1                 ISR_GPIO
    826a     826a        0     1                 .L0 
    826a     826a        0     1                 .L0 
    826a     826a        2     2 .text.ISR_SPIM0
    826a     826a        2     2         include/int.o:(.text.ISR_SPIM0)
    826a     826a        0     1                 .L0 
    826a     826a        0     1                 .L0 
    826a     826a        0     1                 .L0 
    826a     826a        0     1                 $x
    826a     826a        0     1                 .L0 
    826a     826a        2     1                 ISR_SPIM0
    826c     826c        0     1                 .L0 
    826c     826c        0     1                 .L0 
    826c     826c        2     2 .text.ISR_SPIM1
    826c     826c        2     2         include/int.o:(.text.ISR_SPIM1)
    826c     826c        0     1                 .L0 
    826c     826c        0     1                 .L0 
    826c     826c        0     1                 .L0 
    826c     826c        0     1                 $x
    826c     826c        0     1                 .L0 
    826c     826c        2     1                 ISR_SPIM1
    826e     826e        0     1                 .L0 
    826e     826e        0     1                 .L0 
    826e     826e        2     2 .text.ISR_TA_OVF
    826e     826e        2     2         include/int.o:(.text.ISR_TA_OVF)
    826e     826e        0     1                 .L0 
    826e     826e        0     1                 .L0 
    826e     826e        0     1                 .L0 
    826e     826e        0     1                 $x
    826e     826e        0     1                 .L0 
    826e     826e        2     1                 ISR_TA_OVF
    8270     8270        0     1                 .L0 
    8270     8270        0     1                 .L0 
    8270     8270        2     2 .text.ISR_TA_CMP
    8270     8270        2     2         include/int.o:(.text.ISR_TA_CMP)
    8270     8270        0     1                 .L0 
    8270     8270        0     1                 .L0 
    8270     8270        0     1                 .L0 
    8270     8270        0     1                 $x
    8270     8270        0     1                 .L0 
    8270     8270        2     1                 ISR_TA_CMP
    8272     8272        0     1                 .L0 
    8272     8272        0     1                 .L0 
    8272     8272        2     2 .text.ISR_TB_OVF
    8272     8272        2     2         include/int.o:(.text.ISR_TB_OVF)
    8272     8272        0     1                 .L0 
    8272     8272        0     1                 .L0 
    8272     8272        0     1                 .L0 
    8272     8272        0     1                 $x
    8272     8272        0     1                 .L0 
    8272     8272        2     1                 ISR_TB_OVF
    8274     8274        0     1                 .L0 
    8274     8274        0     1                 .L0 
    8274     8274        2     2 .text.ISR_TB_CMP
    8274     8274        2     2         include/int.o:(.text.ISR_TB_CMP)
    8274     8274        0     1                 .L0 
    8274     8274        0     1                 .L0 
    8274     8274        0     1                 .L0 
    8274     8274        0     1                 $x
    8274     8274        0     1                 .L0 
    8274     8274        2     1                 ISR_TB_CMP
    8276     8276        0     1                 .L0 
    8276     8276        0     1                 .L0 
    8276     8276       20     2 .text._copy
    8276     8276       20     2         include/tcutils.o:(.text._copy)
    8276     8276        0     1                 .L0 
    8276     8276        0     1                 .L0 
    8276     8276        0     1                 $x
    8276     8276        0     1                 .L0 
    8276     8276       20     1                 _copy
    827c     827c        0     1                 .L0 
    827c     827c        0     1                 .L0 
    8280     8280        0     1                 .L0 
    8282     8282        0     1                 .L0 
    8284     8284        0     1                 .L0 
    8284     8284        0     1                 .L0 
    8286     8286        0     1                 .L0 
    8286     8286        0     1                 .L0 
    8288     8288        0     1                 .L0 
    828a     828a        0     1                 .L0 
    828c     828c        0     1                 .L0 
    828c     828c        0     1                 .L0 
    828c     828c        0     1                 .L0 
    828e     828e        0     1                 .L0 
    8292     8292        0     1                 .L0 
    8296     8296        0     1                 .L0 
    8296     8296        0     1                 .L0 
    8296     8296        2     2 .text._set
    8296     8296        2     2         include/tcutils.o:(.text._set)
    8296     8296        0     1                 .L0 
    8296     8296        0     1                 .L0 
    8296     8296        0     1                 $x
    8296     8296        0     1                 .L0 
    8296     8296        2     1                 _set
    8298     8298        0     1                 .L0 
    8298     8298        0     1                 .L0 
    8298     8298       12     2 .text._double_byte
    8298     8298       12     2         include/tcutils.o:(.text._double_byte)
    8298     8298        0     1                 .L0 
    8298     8298        0     1                 .L0 
    8298     8298        0     1                 $x
    8298     8298        0     1                 .L0 
    8298     8298       12     1                 _double_byte
    829c     829c        0     1                 .L0 
    829e     829e        0     1                 .L0 
    82a2     82a2        0     1                 .L0 
    82a4     82a4        0     1                 .L0 
    82aa     82aa        0     1                 .L0 
    82aa     82aa       24     2 .text._compare
    82aa     82aa       24     2         include/tcutils.o:(.text._compare)
    82aa     82aa        0     1                 .L0 
    82aa     82aa        0     1                 .L0 
    82aa     82aa        0     1                 $x
    82aa     82aa        0     1                 .L0 
    82aa     82aa       24     1                 _compare
    82ac     82ac        0     1                 .L0 
    82ae     82ae        0     1                 .L0 
    82b0     82b0        0     1                 .L0 
    82b0     82b0        0     1                 .L0 
    82b0     82b0        0     1                 .L0 
    82b4     82b4        0     1                 .L0 
    82b8     82b8        0     1                 .L0 
    82ba     82ba        0     1                 .L0 
    82bc     82bc        0     1                 .L0 
    82be     82be        0     1                 .L0 
    82c0     82c0        0     1                 .L0 
    82c4     82c4        0     1                 .L0 
    82c4     82c4        0     1                 .L0 
    82c8     82c8        0     1                 .L0 
    82ca     82ca        0     1                 .L0 
    82ca     82ca        0     1                 .L0 
    82ca     82ca        0     1                 .L0 
    82cc     82cc        0     1                 .L0 
    82cc     82cc        0     1                 .L0 
    82ce     82ce        0     1                 .L0 
    82ce     82ce        0     1                 .L0 
    82ce     82ce       16     2 .text.memset
    82ce     82ce       16     2         include/tcutils.o:(.text.memset)
    82ce     82ce        0     1                 .L0 
    82ce     82ce        0     1                 .L0 
    82ce     82ce        0     1                 $x
    82ce     82ce        0     1                 .L0 
    82ce     82ce       16     1                 memset
    82d2     82d2        0     1                 .L0 
    82d2     82d2        0     1                 .L0 
    82d4     82d4        0     1                 .L0 
    82d4     82d4        0     1                 .L0 
    82d4     82d4        0     1                 .L0 
    82d8     82d8        0     1                 .L0 
    82d8     82d8        0     1                 .L0 
    82de     82de        0     1                 .L0 
    82de     82de        0     1                 .L0 
    82e2     82e2        0     1                 .L0 
    82e2     82e2        0     1                 .L0 
    82e2     82e2        0     1                 .L0 
    82e4     82e4        0     1                 .L0 
    82e4     82e4        0     1                 .L0 
    82e4     82e4       1c     2 .text.memcpy
    82e4     82e4       1c     2         include/tcutils.o:(.text.memcpy)
    82e4     82e4        0     1                 .L0 
    82e4     82e4        0     1                 .L0 
    82e4     82e4        0     1                 $x
    82e4     82e4        0     1                 .L0 
    82e4     82e4       1c     1                 memcpy
    82e8     82e8        0     1                 .L0 
    82e8     82e8        0     1                 .L0 
    82ea     82ea        0     1                 .L0 
    82ea     82ea        0     1                 .L0 
    82ea     82ea        0     1                 .L0 
    82ee     82ee        0     1                 .L0 
    82f0     82f0        0     1                 .L0 
    82f4     82f4        0     1                 .L0 
    82f4     82f4        0     1                 .L0 
    82fa     82fa        0     1                 .L0 
    82fa     82fa        0     1                 .L0 
    82fe     82fe        0     1                 .L0 
    82fe     82fe        0     1                 .L0 
    82fe     82fe        0     1                 .L0 
    8300     8300        0     1                 .L0 
    8300     8300        0     1                 .L0 
    8300     8300        2     2 .text.exit
    8300     8300        2     2         include/utils.o:(.text.exit)
    8300     8300        0     1                 .L0 
    8300     8300        0     1                 .L0 
    8300     8300        0     1                 .L0 
    8300     8300        0     1                 $x
    8300     8300        0     1                 .L0 
    8300     8300        2     1                 exit
    8302     8302        0     1                 .L0 
    8302     8302        0     1                 .L0 
    8302     8302        0     1                 .L0 
    8302     8302        2     2 .text.eoc
    8302     8302        2     2         include/utils.o:(.text.eoc)
    8302     8302        0     1                 .L0 
    8302     8302        0     1                 .L0 
    8302     8302        0     1                 .L0 
    8302     8302        0     1                 $x
    8302     8302        0     1                 .L0 
    8302     8302        2     1                 eoc
    8304     8304        0     1                 .L0 
    8304     8304        0     1                 .L0 
    8304     8304       1a     2 .text.sleep_busy
    8304     8304       1a     2         include/utils.o:(.text.sleep_busy)
    8304     8304        0     1                 .L0 
    8304     8304        0     1                 .L0 
    8304     8304        0     1                 $x
    8304     8304        0     1                 .L0 
    8304     8304       1a     1                 sleep_busy
    8306     8306        0     1                 .L0 
    8308     8308        0     1                 .L0 
    8308     8308        0     1                 .L0 
    830a     830a        0     1                 .L0 
    830e     830e        0     1                 .L0 
    8310     8310        0     1                 .L0 
    8310     8310        0     1                 .L0 
    8310     8310        0     1                 .L0 
    8312     8312        0     1                 .L0 
    8314     8314        0     1                 .L0 
    8316     8316        0     1                 .L0 
    831a     831a        0     1                 .L0 
    831a     831a        0     1                 .L0 
    831a     831a        0     1                 .L0 
    831c     831c        0     1                 .L0 
    831e     831e        0     1                 .L0 
    831e     831e        0     1                 .L0 
    831e     831e       b0     2 .text.expand_key
    831e     831e       b0     2         main.o:(.text.expand_key)
    831e     831e        0     1                 .L0 
    831e     831e        0     1                 .L0 
    831e     831e        0     1                 $x
    831e     831e        0     1                 .L0 
    831e     831e       b0     1                 expand_key
    8322     8322        0     1                 .L0 
    8322     8322        0     1                 .L0 
    8328     8328        0     1                 .L0 
    8328     8328        0     1                 .L0 
    832c     832c        0     1                 .L0 
    8330     8330        0     1                 .L0 
    8334     8334        0     1                 .L0 
    8338     8338        0     1                 .L0 
    834e     834e        0     1                 .L0 
    834e     834e        0     1                 .L0 
    834e     834e        0     1                 .L0 
    8356     8356        0     1                 .L0 
    835a     835a        0     1                 .L0 
    835e     835e        0     1                 .L0 
    8362     8362        0     1                 .L0 
    8364     8364        0     1                 .L0 
    8364     8364        0     1                 .L0 
    8368     8368        0     1                 .L0 
    836a     836a        0     1                 .L0 
    836a     836a        0     1                 .L0 
    836e     836e        0     1                 .L0 
    8372     8372        0     1                 .L0 
    8374     8374        0     1                 .L0 
    8376     8376        0     1                 .L0 
    8376     8376        0     1                 .L0 
    837a     837a        0     1                 .L0 
    837c     837c        0     1                 .L0 
    8380     8380        0     1                 .L0 
    8384     8384        0     1                 .L0 
    8384     8384        0     1                 .L0 
    8388     8388        0     1                 .L0 
    838c     838c        0     1                 .L0 
    8390     8390        0     1                 .L0 
    8394     8394        0     1                 .L0 
    8394     8394        0     1                 .L0 
    8394     8394        0     1                 .L0 
    8398     8398        0     1                 .L0 
    839c     839c        0     1                 .L0 
    83a0     83a0        0     1                 .L0 
    83a4     83a4        0     1                 .L0 
    83a8     83a8        0     1                 .L0 
    83ac     83ac        0     1                 .L0 
    83b0     83b0        0     1                 .L0 
    83b4     83b4        0     1                 .L0 
    83b8     83b8        0     1                 .L0 
    83bc     83bc        0     1                 .L0 
    83c0     83c0        0     1                 .L0 
    83c4     83c4        0     1                 .L0 
    83c4     83c4        0     1                 .L0 
    83c8     83c8        0     1                 .L0 
    83c8     83c8        0     1                 .L0 
    83ca     83ca        0     1                 .L0 
    83ce     83ce        0     1                 .L0 
    83ce     83ce        0     1                 .L0 
    83ce     83ce       22     2 .text.sub_bytes
    83ce     83ce       22     2         main.o:(.text.sub_bytes)
    83ce     83ce        0     1                 .L0 
    83ce     83ce        0     1                 .L0 
    83ce     83ce        0     1                 $x
    83ce     83ce        0     1                 .L0 
    83ce     83ce       22     1                 sub_bytes
    83da     83da        0     1                 .L0 
    83da     83da        0     1                 .L0 
    83da     83da        0     1                 .L0 
    83de     83de        0     1                 .L0 
    83e4     83e4        0     1                 .L0 
    83e8     83e8        0     1                 .L0 
    83ea     83ea        0     1                 .L0 
    83ee     83ee        0     1                 .L0 
    83ee     83ee        0     1                 .L0 
    83f0     83f0        0     1                 .L0 
    83f0     83f0        0     1                 .L0 
    83f0     83f0       62     2 .text.shift_rows
    83f0     83f0       62     2         main.o:(.text.shift_rows)
    83f0     83f0        0     1                 .L0 
    83f0     83f0        0     1                 .L0 
    83f0     83f0        0     1                 $x
    83f0     83f0        0     1                 .L0 
    83f0     83f0       62     1                 shift_rows
    83f4     83f4        0     1                 .L0 
    83f8     83f8        0     1                 .L0 
    83fc     83fc        0     1                 .L0 
    8400     8400        0     1                 .L0 
    8404     8404        0     1                 .L0 
    8408     8408        0     1                 .L0 
    840c     840c        0     1                 .L0 
    8410     8410        0     1                 .L0 
    8414     8414        0     1                 .L0 
    8418     8418        0     1                 .L0 
    841c     841c        0     1                 .L0 
    8420     8420        0     1                 .L0 
    8424     8424        0     1                 .L0 
    8428     8428        0     1                 .L0 
    842c     842c        0     1                 .L0 
    8430     8430        0     1                 .L0 
    8434     8434        0     1                 .L0 
    8438     8438        0     1                 .L0 
    843c     843c        0     1                 .L0 
    8440     8440        0     1                 .L0 
    8444     8444        0     1                 .L0 
    8448     8448        0     1                 .L0 
    844c     844c        0     1                 .L0 
    8450     8450        0     1                 .L0 
    8452     8452        0     1                 .L0 
    8452     8452       26     2 .text.gf_mult
    8452     8452       26     2         main.o:(.text.gf_mult)
    8452     8452        0     1                 .L0 
    8452     8452        0     1                 .L0 
    8452     8452        0     1                 $x
    8452     8452        0     1                 .L0 
    8452     8452       26     1                 gf_mult
    8456     8456        0     1                 .L0 
    8456     8456        0     1                 .L0 
    8456     8456        0     1                 .L0 
    8462     8462        0     1                 .L0 
    8464     8464        0     1                 .L0 
    8466     8466        0     1                 .L0 
    846a     846a        0     1                 .L0 
    846c     846c        0     1                 .L0 
    846e     846e        0     1                 .L0 
    8470     8470        0     1                 .L0 
    8472     8472        0     1                 .L0 
    8472     8472        0     1                 .L0 
    8476     8476        0     1                 .L0 
    8478     8478        0     1                 .L0 
    8478     8478        0     1                 .L0 
    8478     8478      1c0     2 .text.mix_columns
    8478     8478      1c0     2         main.o:(.text.mix_columns)
    8478     8478        0     1                 .L0 
    8478     8478        0     1                 .L0 
    8478     8478        0     1                 $x
    8478     8478        0     1                 .L0 
    8478     8478      1c0     1                 mix_columns
    8484     8484        0     1                 .L0 
    848c     848c        0     1                 .L0 
    848e     848e        0     1                 .L0 
    848e     848e        0     1                 .L0 
    8492     8492        0     1                 .L0 
    84a0     84a0        0     1                 .L0 
    84a0     84a0        0     1                 .L0 
    84a0     84a0        0     1                 .L0 
    84ac     84ac        0     1                 .L0 
    84ae     84ae        0     1                 .L0 
    84b0     84b0        0     1                 .L0 
    84b2     84b2        0     1                 .L0 
    84b6     84b6        0     1                 .L0 
    84b8     84b8        0     1                 .L0 
    84ba     84ba        0     1                 .L0 
    84bc     84bc        0     1                 .L0 
    84be     84be        0     1                 .L0 
    84be     84be        0     1                 .L0 
    84c0     84c0        0     1                 .L0 
    84c4     84c4        0     1                 .L0 
    84d2     84d2        0     1                 .L0 
    84d2     84d2        0     1                 .L0 
    84d2     84d2        0     1                 .L0 
    84de     84de        0     1                 .L0 
    84e0     84e0        0     1                 .L0 
    84e2     84e2        0     1                 .L0 
    84e2     84e2        0     1                 .L0 
    84e4     84e4        0     1                 .L0 
    84e4     84e4        0     1                 .L0 
    84e8     84e8        0     1                 .L0 
    84ea     84ea        0     1                 .L0 
    84ec     84ec        0     1                 .L0 
    84ee     84ee        0     1                 .L0 
    84ee     84ee        0     1                 .L0 
    84f0     84f0        0     1                 .L0 
    84f0     84f0        0     1                 .L0 
    84f2     84f2        0     1                 .L0 
    84f6     84f6        0     1                 .L0 
    84fa     84fa        0     1                 .L0 
    84fe     84fe        0     1                 .L0 
    8502     8502        0     1                 .L0 
    8506     8506        0     1                 .L0 
    850a     850a        0     1                 .L0 
    850c     850c        0     1                 .L0 
    850c     850c        0     1                 .L0 
    850e     850e        0     1                 .L0 
    8512     8512        0     1                 .L0 
    8516     8516        0     1                 .L0 
    851e     851e        0     1                 .L0 
    851e     851e        0     1                 .L0 
    851e     851e        0     1                 .L0 
    852a     852a        0     1                 .L0 
    852c     852c        0     1                 .L0 
    852e     852e        0     1                 .L0 
    852e     852e        0     1                 .L0 
    8530     8530        0     1                 .L0 
    8530     8530        0     1                 .L0 
    8534     8534        0     1                 .L0 
    8536     8536        0     1                 .L0 
    8538     8538        0     1                 .L0 
    853a     853a        0     1                 .L0 
    853a     853a        0     1                 .L0 
    853c     853c        0     1                 .L0 
    853c     853c        0     1                 .L0 
    8542     8542        0     1                 .L0 
    8542     8542        0     1                 .L0 
    8542     8542        0     1                 .L0 
    854e     854e        0     1                 .L0 
    8550     8550        0     1                 .L0 
    8552     8552        0     1                 .L0 
    8552     8552        0     1                 .L0 
    8554     8554        0     1                 .L0 
    8554     8554        0     1                 .L0 
    8558     8558        0     1                 .L0 
    855a     855a        0     1                 .L0 
    855c     855c        0     1                 .L0 
    855e     855e        0     1                 .L0 
    855e     855e        0     1                 .L0 
    8560     8560        0     1                 .L0 
    8560     8560        0     1                 .L0 
    8564     8564        0     1                 .L0 
    8566     8566        0     1                 .L0 
    8568     8568        0     1                 .L0 
    856c     856c        0     1                 .L0 
    8574     8574        0     1                 .L0 
    8574     8574        0     1                 .L0 
    8574     8574        0     1                 .L0 
    8580     8580        0     1                 .L0 
    8582     8582        0     1                 .L0 
    8584     8584        0     1                 .L0 
    8584     8584        0     1                 .L0 
    8586     8586        0     1                 .L0 
    8586     8586        0     1                 .L0 
    858a     858a        0     1                 .L0 
    858c     858c        0     1                 .L0 
    858e     858e        0     1                 .L0 
    8590     8590        0     1                 .L0 
    8590     8590        0     1                 .L0 
    8592     8592        0     1                 .L0 
    8592     8592        0     1                 .L0 
    8594     8594        0     1                 .L0 
    859e     859e        0     1                 .L0 
    859e     859e        0     1                 .L0 
    859e     859e        0     1                 .L0 
    85aa     85aa        0     1                 .L0 
    85ac     85ac        0     1                 .L0 
    85ae     85ae        0     1                 .L0 
    85ae     85ae        0     1                 .L0 
    85b0     85b0        0     1                 .L0 
    85b0     85b0        0     1                 .L0 
    85b4     85b4        0     1                 .L0 
    85b6     85b6        0     1                 .L0 
    85b8     85b8        0     1                 .L0 
    85ba     85ba        0     1                 .L0 
    85ba     85ba        0     1                 .L0 
    85bc     85bc        0     1                 .L0 
    85bc     85bc        0     1                 .L0 
    85c0     85c0        0     1                 .L0 
    85c2     85c2        0     1                 .L0 
    85c6     85c6        0     1                 .L0 
    85cc     85cc        0     1                 .L0 
    85cc     85cc        0     1                 .L0 
    85cc     85cc        0     1                 .L0 
    85d8     85d8        0     1                 .L0 
    85da     85da        0     1                 .L0 
    85dc     85dc        0     1                 .L0 
    85dc     85dc        0     1                 .L0 
    85de     85de        0     1                 .L0 
    85de     85de        0     1                 .L0 
    85e2     85e2        0     1                 .L0 
    85e4     85e4        0     1                 .L0 
    85e6     85e6        0     1                 .L0 
    85ea     85ea        0     1                 .L0 
    85ea     85ea        0     1                 .L0 
    85ec     85ec        0     1                 .L0 
    85ec     85ec        0     1                 .L0 
    85f0     85f0        0     1                 .L0 
    85f0     85f0        0     1                 .L0 
    85f0     85f0        0     1                 .L0 
    85fc     85fc        0     1                 .L0 
    85fe     85fe        0     1                 .L0 
    8600     8600        0     1                 .L0 
    8600     8600        0     1                 .L0 
    8602     8602        0     1                 .L0 
    8602     8602        0     1                 .L0 
    8606     8606        0     1                 .L0 
    8608     8608        0     1                 .L0 
    860a     860a        0     1                 .L0 
    860e     860e        0     1                 .L0 
    860e     860e        0     1                 .L0 
    8610     8610        0     1                 .L0 
    8610     8610        0     1                 .L0 
    8614     8614        0     1                 .L0 
    8616     8616        0     1                 .L0 
    8618     8618        0     1                 .L0 
    861a     861a        0     1                 .L0 
    861a     861a        0     1                 .L0 
    861c     861c        0     1                 .L0 
    861c     861c        0     1                 .L0 
    8620     8620        0     1                 .L0 
    8620     8620        0     1                 .L0 
    8624     8624        0     1                 .L0 
    8624     8624        0     1                 .L0 
    862a     862a        0     1                 .L0 
    862a     862a        0     1                 .L0 
    8634     8634        0     1                 .L0 
    8638     8638        0     1                 .L0 
    8638     8638        0     1                 .L0 
    8638     8638       1c     2 .text.add_round_key
    8638     8638       1c     2         main.o:(.text.add_round_key)
    8638     8638        0     1                 .L0 
    8638     8638        0     1                 .L0 
    8638     8638        0     1                 $x
    8638     8638        0     1                 .L0 
    8638     8638       1c     1                 add_round_key
    863c     863c        0     1                 .L0 
    863c     863c        0     1                 .L0 
    8640     8640        0     1                 .L0 
    864a     864a        0     1                 .L0 
    864e     864e        0     1                 .L0 
    8652     8652        0     1                 .L0 
    8652     8652        0     1                 .L0 
    8654     8654        0     1                 .L0 
    8654     8654        0     1                 .L0 
    8654     8654       60     2 .text.aes_inner_round
    8654     8654       60     2         main.o:(.text.aes_inner_round)
    8654     8654        0     1                 .L0 
    8654     8654        0     1                 .L0 
    8654     8654        0     1                 $x
    8654     8654        0     1                 .L0 
    8654     8654       60     1                 aes_inner_round
    8656     8656        0     1                 .L0 
    8658     8658        0     1                 .L0 
    865a     865a        0     1                 .L0 
    865c     865c        0     1                 .L0 
    8660     8660        0     1                 .L0 
    8664     8664        0     1                 .L0 
    8668     8668        0     1                 .L0 
    866a     866a        0     1                 .L0 
    866a     866a        0     1                 .L0 
    866e     866e        0     1                 .L0 
    866e     866e        0     1                 .L0 
    8672     8672        0     1                 .L0 
    8672     8672        0     1                 .L0 
    8676     8676        0     1                 .L0 
    8676     8676        0     1                 .L0 
    867a     867a        0     1                 .L0 
    867a     867a        0     1                 .L0 
    867e     867e        0     1                 .L0 
    867e     867e        0     1                 .L0 
    8682     8682        0     1                 .L0 
    8682     8682        0     1                 .L0 
    8686     8686        0     1                 .L0 
    8686     8686        0     1                 .L0 
    868a     868a        0     1                 .L0 
    868a     868a        0     1                 .L0 
    868e     868e        0     1                 .L0 
    868e     868e        0     1                 .L0 
    8692     8692        0     1                 .L0 
    8692     8692        0     1                 .L0 
    8696     8696        0     1                 .L0 
    8696     8696        0     1                 .L0 
    869a     869a        0     1                 .L0 
    869a     869a        0     1                 .L0 
    869e     869e        0     1                 .L0 
    869e     869e        0     1                 .L0 
    86a2     86a2        0     1                 .L0 
    86a2     86a2        0     1                 .L0 
    86a6     86a6        0     1                 .L0 
    86a6     86a6        0     1                 .L0 
    86aa     86aa        0     1                 .L0 
    86ac     86ac        0     1                 .L0 
    86ae     86ae        0     1                 .L0 
    86b0     86b0        0     1                 .L0 
    86b2     86b2        0     1                 .L0 
    86b4     86b4        0     1                 .L0 
    86b4     86b4       60     2 .text.aes_final_round
    86b4     86b4       60     2         main.o:(.text.aes_final_round)
    86b4     86b4        0     1                 .L0 
    86b4     86b4        0     1                 .L0 
    86b4     86b4        0     1                 $x
    86b4     86b4        0     1                 .L0 
    86b4     86b4       60     1                 aes_final_round
    86b6     86b6        0     1                 .L0 
    86b8     86b8        0     1                 .L0 
    86ba     86ba        0     1                 .L0 
    86bc     86bc        0     1                 .L0 
    86c0     86c0        0     1                 .L0 
    86c4     86c4        0     1                 .L0 
    86c8     86c8        0     1                 .L0 
    86ca     86ca        0     1                 .L0 
    86ca     86ca        0     1                 .L0 
    86ce     86ce        0     1                 .L0 
    86ce     86ce        0     1                 .L0 
    86d2     86d2        0     1                 .L0 
    86d2     86d2        0     1                 .L0 
    86d6     86d6        0     1                 .L0 
    86d6     86d6        0     1                 .L0 
    86da     86da        0     1                 .L0 
    86da     86da        0     1                 .L0 
    86de     86de        0     1                 .L0 
    86de     86de        0     1                 .L0 
    86e2     86e2        0     1                 .L0 
    86e2     86e2        0     1                 .L0 
    86e6     86e6        0     1                 .L0 
    86e6     86e6        0     1                 .L0 
    86ea     86ea        0     1                 .L0 
    86ea     86ea        0     1                 .L0 
    86ee     86ee        0     1                 .L0 
    86ee     86ee        0     1                 .L0 
    86f2     86f2        0     1                 .L0 
    86f2     86f2        0     1                 .L0 
    86f6     86f6        0     1                 .L0 
    86f6     86f6        0     1                 .L0 
    86fa     86fa        0     1                 .L0 
    86fa     86fa        0     1                 .L0 
    86fe     86fe        0     1                 .L0 
    86fe     86fe        0     1                 .L0 
    8702     8702        0     1                 .L0 
    8702     8702        0     1                 .L0 
    8706     8706        0     1                 .L0 
    8706     8706        0     1                 .L0 
    870a     870a        0     1                 .L0 
    870c     870c        0     1                 .L0 
    870e     870e        0     1                 .L0 
    8710     8710        0     1                 .L0 
    8712     8712        0     1                 .L0 
    8714     8714        0     1                 .L0 
    8714     8714      3dc     2 .text.aes128_encrypt_block
    8714     8714      3dc     2         main.o:(.text.aes128_encrypt_block)
    8714     8714        0     1                 .L0 
    8714     8714        0     1                 .L0 
    8714     8714        0     1                 $x
    8714     8714        0     1                 .L0 
    8714     8714      3dc     1                 aes128_encrypt_block
    8718     8718        0     1                 .L0 
    871a     871a        0     1                 .L0 
    87a4     87a4        0     1                 .L0 
    87a4     87a4        0     1                 .L0 
    87a8     87a8        0     1                 .L0 
    87a8     87a8        0     1                 .L0 
    87ac     87ac        0     1                 .L0 
    87b6     87b6        0     1                 .L0 
    87ba     87ba        0     1                 .L0 
    87be     87be        0     1                 .L0 
    87be     87be        0     1                 .L0 
    87c6     87c6        0     1                 .L0 
    87c6     87c6        0     1                 .L0 
    87ca     87ca        0     1                 .L0 
    87ca     87ca        0     1                 .L0 
    87ce     87ce        0     1                 .L0 
    87ce     87ce        0     1                 .L0 
    87d2     87d2        0     1                 .L0 
    87d2     87d2        0     1                 .L0 
    87d4     87d4        0     1                 .L0 
    87d4     87d4        0     1                 .L0 
    87d8     87d8        0     1                 .L0 
    87d8     87d8        0     1                 .L0 
    87dc     87dc        0     1                 .L0 
    87dc     87dc        0     1                 .L0 
    87e0     87e0        0     1                 .L0 
    87e0     87e0        0     1                 .L0 
    87e4     87e4        0     1                 .L0 
    87e4     87e4        0     1                 .L0 
    87e8     87e8        0     1                 .L0 
    87e8     87e8        0     1                 .L0 
    87ec     87ec        0     1                 .L0 
    87ec     87ec        0     1                 .L0 
    87f0     87f0        0     1                 .L0 
    87f0     87f0        0     1                 .L0 
    87f4     87f4        0     1                 .L0 
    87f4     87f4        0     1                 .L0 
    87f8     87f8        0     1                 .L0 
    87f8     87f8        0     1                 .L0 
    87fc     87fc        0     1                 .L0 
    87fc     87fc        0     1                 .L0 
    8800     8800        0     1                 .L0 
    8800     8800        0     1                 .L0 
    8804     8804        0     1                 .L0 
    8804     8804        0     1                 .L0 
    8808     8808        0     1                 .L0 
    8808     8808        0     1                 .L0 
    880c     880c        0     1                 .L0 
    880c     880c        0     1                 .L0 
    8810     8810        0     1                 .L0 
    8810     8810        0     1                 .L0 
    8814     8814        0     1                 .L0 
    8814     8814        0     1                 .L0 
    8818     8818        0     1                 .L0 
    8818     8818        0     1                 .L0 
    881c     881c        0     1                 .L0 
    881c     881c        0     1                 .L0 
    8820     8820        0     1                 .L0 
    8820     8820        0     1                 .L0 
    8822     8822        0     1                 .L0 
    8822     8822        0     1                 .L0 
    8826     8826        0     1                 .L0 
    8826     8826        0     1                 .L0 
    882a     882a        0     1                 .L0 
    882a     882a        0     1                 .L0 
    882e     882e        0     1                 .L0 
    882e     882e        0     1                 .L0 
    8832     8832        0     1                 .L0 
    8832     8832        0     1                 .L0 
    8836     8836        0     1                 .L0 
    8836     8836        0     1                 .L0 
    883a     883a        0     1                 .L0 
    883a     883a        0     1                 .L0 
    883e     883e        0     1                 .L0 
    883e     883e        0     1                 .L0 
    8842     8842        0     1                 .L0 
    8842     8842        0     1                 .L0 
    8846     8846        0     1                 .L0 
    8846     8846        0     1                 .L0 
    884a     884a        0     1                 .L0 
    884a     884a        0     1                 .L0 
    884e     884e        0     1                 .L0 
    884e     884e        0     1                 .L0 
    8852     8852        0     1                 .L0 
    8852     8852        0     1                 .L0 
    8856     8856        0     1                 .L0 
    8856     8856        0     1                 .L0 
    885a     885a        0     1                 .L0 
    885a     885a        0     1                 .L0 
    885e     885e        0     1                 .L0 
    885e     885e        0     1                 .L0 
    8862     8862        0     1                 .L0 
    8862     8862        0     1                 .L0 
    8866     8866        0     1                 .L0 
    8866     8866        0     1                 .L0 
    886a     886a        0     1                 .L0 
    886a     886a        0     1                 .L0 
    886e     886e        0     1                 .L0 
    886e     886e        0     1                 .L0 
    8870     8870        0     1                 .L0 
    8870     8870        0     1                 .L0 
    8874     8874        0     1                 .L0 
    8874     8874        0     1                 .L0 
    8878     8878        0     1                 .L0 
    8878     8878        0     1                 .L0 
    887c     887c        0     1                 .L0 
    887c     887c        0     1                 .L0 
    8880     8880        0     1                 .L0 
    8880     8880        0     1                 .L0 
    8884     8884        0     1                 .L0 
    8884     8884        0     1                 .L0 
    8888     8888        0     1                 .L0 
    8888     8888        0     1                 .L0 
    888c     888c        0     1                 .L0 
    888c     888c        0     1                 .L0 
    8890     8890        0     1                 .L0 
    8890     8890        0     1                 .L0 
    8894     8894        0     1                 .L0 
    8894     8894        0     1                 .L0 
    8898     8898        0     1                 .L0 
    8898     8898        0     1                 .L0 
    889c     889c        0     1                 .L0 
    889c     889c        0     1                 .L0 
    88a0     88a0        0     1                 .L0 
    88a0     88a0        0     1                 .L0 
    88a4     88a4        0     1                 .L0 
    88a4     88a4        0     1                 .L0 
    88a8     88a8        0     1                 .L0 
    88a8     88a8        0     1                 .L0 
    88ac     88ac        0     1                 .L0 
    88ac     88ac        0     1                 .L0 
    88b0     88b0        0     1                 .L0 
    88b0     88b0        0     1                 .L0 
    88b4     88b4        0     1                 .L0 
    88b4     88b4        0     1                 .L0 
    88b8     88b8        0     1                 .L0 
    88b8     88b8        0     1                 .L0 
    88bc     88bc        0     1                 .L0 
    88bc     88bc        0     1                 .L0 
    88be     88be        0     1                 .L0 
    88be     88be        0     1                 .L0 
    88c2     88c2        0     1                 .L0 
    88c2     88c2        0     1                 .L0 
    88c6     88c6        0     1                 .L0 
    88c6     88c6        0     1                 .L0 
    88ca     88ca        0     1                 .L0 
    88ca     88ca        0     1                 .L0 
    88ce     88ce        0     1                 .L0 
    88ce     88ce        0     1                 .L0 
    88d2     88d2        0     1                 .L0 
    88d2     88d2        0     1                 .L0 
    88d6     88d6        0     1                 .L0 
    88d6     88d6        0     1                 .L0 
    88da     88da        0     1                 .L0 
    88da     88da        0     1                 .L0 
    88de     88de        0     1                 .L0 
    88de     88de        0     1                 .L0 
    88e2     88e2        0     1                 .L0 
    88e2     88e2        0     1                 .L0 
    88e6     88e6        0     1                 .L0 
    88e6     88e6        0     1                 .L0 
    88ea     88ea        0     1                 .L0 
    88ea     88ea        0     1                 .L0 
    88ee     88ee        0     1                 .L0 
    88ee     88ee        0     1                 .L0 
    88f2     88f2        0     1                 .L0 
    88f2     88f2        0     1                 .L0 
    88f6     88f6        0     1                 .L0 
    88f6     88f6        0     1                 .L0 
    88fa     88fa        0     1                 .L0 
    88fa     88fa        0     1                 .L0 
    88fe     88fe        0     1                 .L0 
    88fe     88fe        0     1                 .L0 
    8902     8902        0     1                 .L0 
    8902     8902        0     1                 .L0 
    8906     8906        0     1                 .L0 
    8906     8906        0     1                 .L0 
    890a     890a        0     1                 .L0 
    890a     890a        0     1                 .L0 
    890c     890c        0     1                 .L0 
    890c     890c        0     1                 .L0 
    8910     8910        0     1                 .L0 
    8910     8910        0     1                 .L0 
    8914     8914        0     1                 .L0 
    8914     8914        0     1                 .L0 
    8918     8918        0     1                 .L0 
    8918     8918        0     1                 .L0 
    891c     891c        0     1                 .L0 
    891c     891c        0     1                 .L0 
    8920     8920        0     1                 .L0 
    8920     8920        0     1                 .L0 
    8924     8924        0     1                 .L0 
    8924     8924        0     1                 .L0 
    8928     8928        0     1                 .L0 
    8928     8928        0     1                 .L0 
    892c     892c        0     1                 .L0 
    892c     892c        0     1                 .L0 
    8930     8930        0     1                 .L0 
    8930     8930        0     1                 .L0 
    8934     8934        0     1                 .L0 
    8934     8934        0     1                 .L0 
    8938     8938        0     1                 .L0 
    8938     8938        0     1                 .L0 
    893c     893c        0     1                 .L0 
    893c     893c        0     1                 .L0 
    8940     8940        0     1                 .L0 
    8940     8940        0     1                 .L0 
    8944     8944        0     1                 .L0 
    8944     8944        0     1                 .L0 
    8948     8948        0     1                 .L0 
    8948     8948        0     1                 .L0 
    894c     894c        0     1                 .L0 
    894c     894c        0     1                 .L0 
    8950     8950        0     1                 .L0 
    8950     8950        0     1                 .L0 
    8954     8954        0     1                 .L0 
    8954     8954        0     1                 .L0 
    8958     8958        0     1                 .L0 
    8958     8958        0     1                 .L0 
    895a     895a        0     1                 .L0 
    895a     895a        0     1                 .L0 
    895e     895e        0     1                 .L0 
    895e     895e        0     1                 .L0 
    8962     8962        0     1                 .L0 
    8962     8962        0     1                 .L0 
    8966     8966        0     1                 .L0 
    8966     8966        0     1                 .L0 
    896a     896a        0     1                 .L0 
    896a     896a        0     1                 .L0 
    896e     896e        0     1                 .L0 
    896e     896e        0     1                 .L0 
    8972     8972        0     1                 .L0 
    8972     8972        0     1                 .L0 
    8976     8976        0     1                 .L0 
    8976     8976        0     1                 .L0 
    897a     897a        0     1                 .L0 
    897a     897a        0     1                 .L0 
    897e     897e        0     1                 .L0 
    897e     897e        0     1                 .L0 
    8982     8982        0     1                 .L0 
    8982     8982        0     1                 .L0 
    8986     8986        0     1                 .L0 
    8986     8986        0     1                 .L0 
    898a     898a        0     1                 .L0 
    898a     898a        0     1                 .L0 
    898e     898e        0     1                 .L0 
    898e     898e        0     1                 .L0 
    8992     8992        0     1                 .L0 
    8992     8992        0     1                 .L0 
    8996     8996        0     1                 .L0 
    8996     8996        0     1                 .L0 
    899a     899a        0     1                 .L0 
    899a     899a        0     1                 .L0 
    899e     899e        0     1                 .L0 
    899e     899e        0     1                 .L0 
    89a2     89a2        0     1                 .L0 
    89a2     89a2        0     1                 .L0 
    89a6     89a6        0     1                 .L0 
    89a6     89a6        0     1                 .L0 
    89a8     89a8        0     1                 .L0 
    89a8     89a8        0     1                 .L0 
    89ac     89ac        0     1                 .L0 
    89ac     89ac        0     1                 .L0 
    89b0     89b0        0     1                 .L0 
    89b0     89b0        0     1                 .L0 
    89b4     89b4        0     1                 .L0 
    89b4     89b4        0     1                 .L0 
    89b8     89b8        0     1                 .L0 
    89b8     89b8        0     1                 .L0 
    89bc     89bc        0     1                 .L0 
    89bc     89bc        0     1                 .L0 
    89c0     89c0        0     1                 .L0 
    89c0     89c0        0     1                 .L0 
    89c4     89c4        0     1                 .L0 
    89c4     89c4        0     1                 .L0 
    89c8     89c8        0     1                 .L0 
    89c8     89c8        0     1                 .L0 
    89cc     89cc        0     1                 .L0 
    89cc     89cc        0     1                 .L0 
    89d0     89d0        0     1                 .L0 
    89d0     89d0        0     1                 .L0 
    89d4     89d4        0     1                 .L0 
    89d4     89d4        0     1                 .L0 
    89d8     89d8        0     1                 .L0 
    89d8     89d8        0     1                 .L0 
    89dc     89dc        0     1                 .L0 
    89dc     89dc        0     1                 .L0 
    89e0     89e0        0     1                 .L0 
    89e0     89e0        0     1                 .L0 
    89e4     89e4        0     1                 .L0 
    89e4     89e4        0     1                 .L0 
    89e8     89e8        0     1                 .L0 
    89e8     89e8        0     1                 .L0 
    89ec     89ec        0     1                 .L0 
    89ec     89ec        0     1                 .L0 
    89f0     89f0        0     1                 .L0 
    89f0     89f0        0     1                 .L0 
    89f4     89f4        0     1                 .L0 
    89f4     89f4        0     1                 .L0 
    89f8     89f8        0     1                 .L0 
    89f8     89f8        0     1                 .L0 
    89fc     89fc        0     1                 .L0 
    89fc     89fc        0     1                 .L0 
    8a00     8a00        0     1                 .L0 
    8a00     8a00        0     1                 .L0 
    8a04     8a04        0     1                 .L0 
    8a04     8a04        0     1                 .L0 
    8a08     8a08        0     1                 .L0 
    8a08     8a08        0     1                 .L0 
    8a0c     8a0c        0     1                 .L0 
    8a0c     8a0c        0     1                 .L0 
    8a10     8a10        0     1                 .L0 
    8a10     8a10        0     1                 .L0 
    8a14     8a14        0     1                 .L0 
    8a14     8a14        0     1                 .L0 
    8a18     8a18        0     1                 .L0 
    8a18     8a18        0     1                 .L0 
    8a1c     8a1c        0     1                 .L0 
    8a1c     8a1c        0     1                 .L0 
    8a20     8a20        0     1                 .L0 
    8a20     8a20        0     1                 .L0 
    8a24     8a24        0     1                 .L0 
    8a24     8a24        0     1                 .L0 
    8a28     8a28        0     1                 .L0 
    8a28     8a28        0     1                 .L0 
    8a2c     8a2c        0     1                 .L0 
    8a2c     8a2c        0     1                 .L0 
    8a30     8a30        0     1                 .L0 
    8a30     8a30        0     1                 .L0 
    8a34     8a34        0     1                 .L0 
    8a34     8a34        0     1                 .L0 
    8a38     8a38        0     1                 .L0 
    8a38     8a38        0     1                 .L0 
    8a3c     8a3c        0     1                 .L0 
    8a3c     8a3c        0     1                 .L0 
    8a40     8a40        0     1                 .L0 
    8a40     8a40        0     1                 .L0 
    8a44     8a44        0     1                 .L0 
    8a44     8a44        0     1                 .L0 
    8a48     8a48        0     1                 .L0 
    8a48     8a48        0     1                 .L0 
    8a4c     8a4c        0     1                 .L0 
    8a4c     8a4c        0     1                 .L0 
    8a50     8a50        0     1                 .L0 
    8a50     8a50        0     1                 .L0 
    8a54     8a54        0     1                 .L0 
    8a54     8a54        0     1                 .L0 
    8a58     8a58        0     1                 .L0 
    8a58     8a58        0     1                 .L0 
    8a5c     8a5c        0     1                 .L0 
    8a5c     8a5c        0     1                 .L0 
    8a60     8a60        0     1                 .L0 
    8a60     8a60        0     1                 .L0 
    8a64     8a64        0     1                 .L0 
    8a64     8a64        0     1                 .L0 
    8a68     8a68        0     1                 .L0 
    8a68     8a68        0     1                 .L0 
    8a6c     8a6c        0     1                 .L0 
    8a6c     8a6c        0     1                 .L0 
    8a70     8a70        0     1                 .L0 
    8a70     8a70        0     1                 .L0 
    8a74     8a74        0     1                 .L0 
    8a74     8a74        0     1                 .L0 
    8a78     8a78        0     1                 .L0 
    8a78     8a78        0     1                 .L0 
    8a7c     8a7c        0     1                 .L0 
    8a7c     8a7c        0     1                 .L0 
    8a80     8a80        0     1                 .L0 
    8a80     8a80        0     1                 .L0 
    8a84     8a84        0     1                 .L0 
    8a84     8a84        0     1                 .L0 
    8a88     8a88        0     1                 .L0 
    8a88     8a88        0     1                 .L0 
    8a8c     8a8c        0     1                 .L0 
    8a8c     8a8c        0     1                 .L0 
    8a90     8a90        0     1                 .L0 
    8a90     8a90        0     1                 .L0 
    8a94     8a94        0     1                 .L0 
    8a94     8a94        0     1                 .L0 
    8a98     8a98        0     1                 .L0 
    8a98     8a98        0     1                 .L0 
    8a9c     8a9c        0     1                 .L0 
    8a9c     8a9c        0     1                 .L0 
    8aa0     8aa0        0     1                 .L0 
    8aa0     8aa0        0     1                 .L0 
    8aa4     8aa4        0     1                 .L0 
    8aa4     8aa4        0     1                 .L0 
    8aa8     8aa8        0     1                 .L0 
    8aa8     8aa8        0     1                 .L0 
    8aac     8aac        0     1                 .L0 
    8aac     8aac        0     1                 .L0 
    8ab0     8ab0        0     1                 .L0 
    8ab0     8ab0        0     1                 .L0 
    8ab4     8ab4        0     1                 .L0 
    8ab4     8ab4        0     1                 .L0 
    8ab8     8ab8        0     1                 .L0 
    8ab8     8ab8        0     1                 .L0 
    8abc     8abc        0     1                 .L0 
    8abc     8abc        0     1                 .L0 
    8ac0     8ac0        0     1                 .L0 
    8ac0     8ac0        0     1                 .L0 
    8ac4     8ac4        0     1                 .L0 
    8ac4     8ac4        0     1                 .L0 
    8ac8     8ac8        0     1                 .L0 
    8ac8     8ac8        0     1                 .L0 
    8acc     8acc        0     1                 .L0 
    8acc     8acc        0     1                 .L0 
    8ad0     8ad0        0     1                 .L0 
    8ad0     8ad0        0     1                 .L0 
    8ad4     8ad4        0     1                 .L0 
    8ad4     8ad4        0     1                 .L0 
    8ad8     8ad8        0     1                 .L0 
    8ad8     8ad8        0     1                 .L0 
    8ada     8ada        0     1                 .L0 
    8ada     8ada        0     1                 .L0 
    8adc     8adc        0     1                 .L0 
    8adc     8adc        0     1                 .L0 
    8ade     8ade        0     1                 .L0 
    8ade     8ade        0     1                 .L0 
    8ae0     8ae0        0     1                 .L0 
    8ae0     8ae0        0     1                 .L0 
    8ae2     8ae2        0     1                 .L0 
    8ae4     8ae4        0     1                 .L0 
    8ae6     8ae6        0     1                 .L0 
    8aea     8aea        0     1                 .L0 
    8aea     8aea        0     1                 .L0 
    8aec     8aec        0     1                 .L0 
    8af0     8af0        0     1                 .L0 
    8af0     8af0        0     1                 .L0 
    8af0     8af0       40     2 .text.aes128_ecb_encrypt
    8af0     8af0       40     2         main.o:(.text.aes128_ecb_encrypt)
    8af0     8af0        0     1                 .L0 
    8af0     8af0        0     1                 .L0 
    8af0     8af0        0     1                 $x
    8af0     8af0        0     1                 .L0 
    8af0     8af0       40     1                 aes128_ecb_encrypt
    8afc     8afc        0     1                 .L0 
    8afe     8afe        0     1                 .L0 
    8b00     8b00        0     1                 .L0 
    8b02     8b02        0     1                 .L0 
    8b04     8b04        0     1                 .L0 
    8b06     8b06        0     1                 .L0 
    8b06     8b06        0     1                 .L0 
    8b0c     8b0c        0     1                 .L0 
    8b0c     8b0c        0     1                 .L0 
    8b0e     8b0e        0     1                 .L0 
    8b10     8b10        0     1                 .L0 
    8b10     8b10        0     1                 .L0 
    8b10     8b10        0     1                 .L0 
    8b14     8b14        0     1                 .L0 
    8b18     8b18        0     1                 .L0 
    8b1c     8b1c        0     1                 .L0 
    8b1c     8b1c        0     1                 .L0 
    8b1e     8b1e        0     1                 .L0 
    8b22     8b22        0     1                 .L0 
    8b22     8b22        0     1                 .L0 
    8b22     8b22        0     1                 .L0 
    8b28     8b28        0     1                 .L0 
    8b2c     8b2c        0     1                 .L0 
    8b30     8b30        0     1                 .L0 
    8b30     8b30        0     1                 .L0 
    8b30     8b30        4     2 .text.write_to_address
    8b30     8b30        4     2         main.o:(.text.write_to_address)
    8b30     8b30        0     1                 .L0 
    8b30     8b30        0     1                 .L0 
    8b30     8b30        0     1                 $x
    8b30     8b30        0     1                 .L0 
    8b30     8b30        4     1                 write_to_address
    8b32     8b32        0     1                 .L0 
    8b34     8b34        0     1                 .L0 
    8b34     8b34       12     2 .text.write_v_to_address
    8b34     8b34       12     2         main.o:(.text.write_v_to_address)
    8b34     8b34        0     1                 .L0 
    8b34     8b34        0     1                 .L0 
    8b34     8b34        0     1                 $x
    8b34     8b34        0     1                 .L0 
    8b34     8b34       12     1                 write_v_to_address
    8b38     8b38        0     1                 .L0 
    8b38     8b38        0     1                 .L0 
    8b3a     8b3a        0     1                 .L0 
    8b3a     8b3a        0     1                 .L0 
    8b3c     8b3c        0     1                 .L0 
    8b40     8b40        0     1                 .L0 
    8b44     8b44        0     1                 .L0 
    8b44     8b44        0     1                 .L0 
    8b46     8b46        0     1                 .L0 
    8b46     8b46        0     1                 .L0 
    8b46     8b46       be     2 .text.main
    8b46     8b46       be     2         main.o:(.text.main)
    8b46     8b46        0     1                 .L0 
    8b46     8b46        0     1                 .L0 
    8b46     8b46        0     1                 $x
    8b46     8b46        0     1                 .L0 
    8b46     8b46       be     1                 main
    8b50     8b50        0     1                 .L0 
    8b54     8b54        0     1                 .L0 
    8b6e     8b6e        0     1                 .L0 
    8b6e     8b6e        0     1                 .L0 
    8b7e     8b7e        0     1                 .L0 
    8b7e     8b7e        0     1                 .L0 
    8b8a     8b8a        0     1                 .L0 
    8b8a     8b8a        0     1                 .L0 
    8b8e     8b8e        0     1                 .L0 
    8b92     8b92        0     1                 .L0 
    8b92     8b92        0     1                 .L0 
    8b9e     8b9e        0     1                 .L0 
    8b9e     8b9e        0     1                 .L0 
    8ba0     8ba0        0     1                 .L0 
    8ba0     8ba0        0     1                 .L0 
    8ba4     8ba4        0     1                 .L0 
    8ba4     8ba4        0     1                 .L0 
    8ba6     8ba6        0     1                 .L0 
    8ba6     8ba6        0     1                 .L0 
    8baa     8baa        0     1                 .L0 
    8baa     8baa        0     1                 .L0 
    8bac     8bac        0     1                 .L0 
    8bac     8bac        0     1                 .L0 
    8bb0     8bb0        0     1                 .L0 
    8bb0     8bb0        0     1                 .L0 
    8bb2     8bb2        0     1                 .L0 
    8bb2     8bb2        0     1                 .L0 
    8bba     8bba        0     1                 .L0 
    8bbe     8bbe        0     1                 .L0 
    8bbe     8bbe        0     1                 .L0 
    8bca     8bca        0     1                 .L0 
    8bca     8bca        0     1                 .L0 
    8bce     8bce        0     1                 .L0 
    8bce     8bce        0     1                 .L0 
    8bce     8bce        0     1                 .L0 
    8bd2     8bd2        0     1                 .L0 
    8bd6     8bd6        0     1                 .L0 
    8bd6     8bd6        0     1                 .L0 
    8bda     8bda        0     1                 .L0 
    8bda     8bda        0     1                 .L0 
    8bdc     8bdc        0     1                 .L0 
    8be0     8be0        0     1                 .L0 
    8be2     8be2        0     1                 .L0 
    8be2     8be2        0     1                 .L0 
    8be4     8be4        0     1                 .L0 
    8be4     8be4        0     1                 .L0 
    8be4     8be4        0     1                 .L0 
    8bec     8bec        0     1                 .L0 
    8bec     8bec        0     1                 .L0 
    8bf4     8bf4        0     1                 .L0 
    8bf4     8bf4        0     1                 .L0 
    8bf6     8bf6        0     1                 .L0 
    8bf8     8bf8        0     1                 .L0 
    8c00     8c00        0     1                 .L0 
    8c04     8c04        0     1                 .L0 
    8c04     8c04        0     1                 .L0 
  100000   100000      13a     1 .rodata
  100000   100000        0     1         . = ALIGN(4)
  100000   100000      100     1         main.o:(.rodata.sbox)
  100000   100000      100     1                 sbox
  100000   100000        0     1                 $d
  100100   100100        a     1         main.o:(.rodata.rcon)
  100100   100100        a     1                 rcon
  100100   100100        0     1                 $d
  10010a   10010a       30     1         <internal>:(.rodata.cst16)
  10013a   10013a        2     1 .shbss
  10013a   10013a        2     1         . = ALIGN(4)
  10013c   10013c        0     1 .data
  10013c   10013c        0     1         . = ALIGN(4)
  10013c   10013c        0     1         sdata = .
  10013c   10013c        0     1         _sdata = .
  10013c   10013c        0     1         edata = .
  10013c   10013c        0     1         _edata = .
  10013c   10013c        0     1 .bss
  10013c   10013c        0     1         . = ALIGN(4)
  10013c   10013c        0     1         _bss_start = .
  10013c   10013c        0     1         _bss_end = .
  104000   104000     4000     1 .stack
  104000   104000        0     1         . = ALIGN(4)
  104000   104000     4000     1         . = . + _min_stack 
  108000   108000        0     1         . = ALIGN(4)
  108000   108000        0     1         stack = . 
  108000   108000        0     1         _stack = . 
  10013c   10013c        0     1 .bss
  10013c   10013c        0     1         . = ALIGN(4)
  10013c   10013c        0     1         _end = .
       0        0      404     1 .debug_abbrev
       0        0       31     1         include/exceptions.o:(.debug_abbrev)
       0        0        0     1                 $d
      31       31       31     1         include/int.o:(.debug_abbrev)
      31       31        0     1                 $d
      62       62       c2     1         include/tcutils.o:(.debug_abbrev)
      62       62        0     1                 $d
     124      124       cf     1         include/utils.o:(.debug_abbrev)
     124      124        0     1                 $d
     1f3      1f3      1f2     1         main.o:(.debug_abbrev)
     1f3      1f3        0     1                 $d
     3e5      3e5       1f     1         crt0.riscv.o:(.debug_abbrev)
     3e5      3e5        0     1                 .L0 
     3e5      3e5        0     1                 $d
       0        0     16d8     1 .debug_info
       0        0       49     1         include/exceptions.o:(.debug_info)
       0        0        0     1                 $d
      49       49       8b     1         include/int.o:(.debug_info)
      49       49        0     1                 $d
      d4       d4      1c8     1         include/tcutils.o:(.debug_info)
      d4       d4        0     1                 $d
     29c      29c       a8     1         include/utils.o:(.debug_info)
     29c      29c        0     1                 $d
     344      344     10c7     1         main.o:(.debug_info)
     344      344        0     1                 $d
    140b     140b      2cd     1         crt0.riscv.o:(.debug_info)
    140b     140b        0     1                 .L0 
    140b     140b        0     1                 $d
       0        0      46d     1 .debug_rnglists
       0        0       1a     1         include/exceptions.o:(.debug_rnglists)
       0        0        0     1                 $d
       c        c        0     1                 .L0 
      1a       1a       2c     1         include/int.o:(.debug_rnglists)
      1a       1a        0     1                 $d
      26       26        0     1                 .L0 
      46       46       23     1         include/tcutils.o:(.debug_rnglists)
      46       46        0     1                 $d
      52       52        0     1                 .L0 
      69       69       1a     1         include/utils.o:(.debug_rnglists)
      69       69        0     1                 $d
      75       75        0     1                 .L0 
      83       83      3cf     1         main.o:(.debug_rnglists)
      83       83        0     1                 $d
      8f       8f        0     1                 .L0 
     452      452       1b     1         crt0.riscv.o:(.debug_rnglists)
     452      452        0     1                 $d
     45e      45e        0     1                 .L0 
       0        0      22c     1 .debug_str_offsets
       0        0       20     1         include/exceptions.o:(.debug_str_offsets)
       0        0        0     1                 $d
       8        8        0     1                 .L0 
      20       20       38     1         include/int.o:(.debug_str_offsets)
      20       20        0     1                 $d
      28       28        0     1                 .L0 
      58       58       94     1         include/tcutils.o:(.debug_str_offsets)
      58       58        0     1                 $d
      60       60        0     1                 .L0 
      ec       ec       2c     1         include/utils.o:(.debug_str_offsets)
      ec       ec        0     1                 $d
      f4       f4        0     1                 .L0 
     118      118      114     1         main.o:(.debug_str_offsets)
     118      118        0     1                 $d
     120      120        0     1                 .L0 
       0        0      443     1 .debug_str
       0        0      443     1         <internal>:(.debug_str)
       0        0      1d8     1 .debug_addr
       0        0       14     1         include/exceptions.o:(.debug_addr)
       0        0        0     1                 $d
       8        8        0     1                 .L0 
      14       14       2c     1         include/int.o:(.debug_addr)
      14       14        0     1                 $d
      1c       1c        0     1                 .L0 
      40       40       20     1         include/tcutils.o:(.debug_addr)
      40       40        0     1                 $d
      48       48        0     1                 .L0 
      60       60       18     1         include/utils.o:(.debug_addr)
      60       60        0     1                 $d
      68       68        0     1                 .L0 
      78       78      160     1         main.o:(.debug_addr)
      78       78        0     1                 $d
      80       80        0     1                 .L0 
       0        0       d4     1 .comment
       0        0       d4     1         <internal>:(.comment)
       0        0       72     1 .riscv.attributes
       0        0       72     1         <internal>:(.riscv.attributes)
       0        0      304     4 .debug_frame
       0        0       44     4         include/exceptions.o:(.debug_frame)
       0        0        0     1                 .L0 
       0        0        0     1                 $d
      44       44       a4     4         include/int.o:(.debug_frame)
      44       44        0     1                 .L0 
      44       44        0     1                 $d
      e8       e8       84     4         include/tcutils.o:(.debug_frame)
      e8       e8        0     1                 .L0 
      e8       e8        0     1                 $d
     16c      16c       4c     4         include/utils.o:(.debug_frame)
     16c      16c        0     1                 .L0 
     16c      16c        0     1                 $d
     1b8      1b8      14c     4         main.o:(.debug_frame)
     1b8      1b8        0     1                 .L0 
     1b8      1b8        0     1                 $d
       0        0     1a09     1 .debug_line
       0        0       82     1         include/exceptions.o:(.debug_line)
       0        0        0     1                 .Lline_table_start0
       0        0        0     1                 $d
      82       82      100     1         include/int.o:(.debug_line)
      82       82        0     1                 .Lline_table_start0
      82       82        0     1                 $d
     182      182      247     1         include/tcutils.o:(.debug_line)
     182      182        0     1                 .Lline_table_start0
     182      182        0     1                 $d
     3c9      3c9       c3     1         include/utils.o:(.debug_line)
     3c9      3c9        0     1                 .Lline_table_start0
     3c9      3c9        0     1                 $d
     48c      48c     10a1     1         main.o:(.debug_line)
     48c      48c        0     1                 .Lline_table_start0
     48c      48c        0     1                 $d
    152d     152d      4dc     1         crt0.riscv.o:(.debug_line)
    152d     152d        0     1                 .Lline_table_start0
    152d     152d        0     1                 $d
       0        0      18e     1 .debug_line_str
       0        0      18e     1         <internal>:(.debug_line_str)
       0        0     1754     1 .debug_loclists
       0        0      115     1         include/tcutils.o:(.debug_loclists)
       0        0        0     1                 $d
       c        c        0     1                 .L0 
     115      115       1f     1         include/utils.o:(.debug_loclists)
     115      115        0     1                 $d
     121      121        0     1                 .L0 
     134      134     1620     1         main.o:(.debug_loclists)
     134      134        0     1                 $d
     140      140        0     1                 .L0 
       0        0       28     1 .debug_aranges
       0        0       28     1         crt0.riscv.o:(.debug_aranges)
       0        0        0     1                 $d
       0        0      b90     4 .symtab
       0        0      b90     4         <internal>:(.symtab)
       0        0      366     1 .shstrtab
       0        0      366     1         <internal>:(.shstrtab)
       0        0      4b6     1 .strtab
       0        0      4b6     1         <internal>:(.strtab)
