     VMA      LMA     Size Align Out     In      Symbol
       0        0        0     1 __DYNAMIC = 0
       0        0        0     1 _min_stack = 0x4000
       0        0        0     1 _stack_len = LENGTH(stack)
       0        0        0     1 _stack_start = ORIGIN(stack) + LENGTH(stack)
    8000     8000       8c     1 .vectors
    8000     8000        0     1         . = ALIGN(4)
    8000     8000       8c     1         crt0.riscv.o:(.vectors)
    8000     8000        0     1                 $x
    8000     8000        0     1                 .L0 
    8004     8004        0     1                 .L0 
    8008     8008        0     1                 .L0 
    800c     800c        0     1                 .L0 
    8010     8010        0     1                 .L0 
    8014     8014        0     1                 .L0 
    8018     8018        0     1                 .L0 
    801c     801c        0     1                 .L0 
    8020     8020        0     1                 .L0 
    8024     8024        0     1                 .L0 
    8028     8028        0     1                 .L0 
    802c     802c        0     1                 .L0 
    8030     8030        0     1                 .L0 
    8034     8034        0     1                 .L0 
    8038     8038        0     1                 .L0 
    803c     803c        0     1                 .L0 
    8040     8040        0     1                 .L0 
    8044     8044        0     1                 .L0 
    8048     8048        0     1                 .L0 
    804c     804c        0     1                 .L0 
    8050     8050        0     1                 .L0 
    8054     8054        0     1                 .L0 
    8058     8058        0     1                 .L0 
    805c     805c        0     1                 .L0 
    8060     8060        0     1                 .L0 
    8064     8064        0     1                 .L0 
    8068     8068        0     1                 .L0 
    806c     806c        0     1                 .L0 
    8070     8070        0     1                 .L0 
    8074     8074        0     1                 .L0 
    8078     8078        0     1                 .L0 
    807c     807c        0     1                 .L0 
    8080     8080        0     1                 .L0 
    8084     8084        0     1                 .L0 
    8088     8088        0     1                 .L0 
    808c     808c        0     1                 .L0 
    808c     808c      1d2     2 .text
    808c     808c        0     1         . = ALIGN(4)
    808c     808c        0     1         _stext = .
    808c     808c        0     2         include/exceptions.o:(.text)
    808c     808c        0     2         include/int.o:(.text)
    808c     808c        0     2         include/tcutils.o:(.text)
    808c     808c        0     2         include/utils.o:(.text)
    808c     808c        0     2         main.o:(.text)
    808c     808c      1c2     2         crt0.riscv.o:(.text)
    808c     808c        0     1                 reset_handler
    808c     808c        0     1                 .L0 
    808c     808c        0     1                 $x
    808c     808c        0     1                 .L0 
    808e     808e        0     1                 .L0 
    8090     8090        0     1                 .L0 
    8092     8092        0     1                 .L0 
    8094     8094        0     1                 .L0 
    8096     8096        0     1                 .L0 
    8098     8098        0     1                 .L0 
    809a     809a        0     1                 .L0 
    809c     809c        0     1                 .L0 
    809e     809e        0     1                 .L0 
    80a0     80a0        0     1                 .L0 
    80a2     80a2        0     1                 .L0 
    80a4     80a4        0     1                 .L0 
    80a6     80a6        0     1                 .L0 
    80a8     80a8        0     1                 .L0 
    80aa     80aa        0     1                 .L0 
    80ac     80ac        0     1                 .L0 
    80ae     80ae        0     1                 .L0 
    80b0     80b0        0     1                 .L0 
    80b2     80b2        0     1                 .L0 
    80b4     80b4        0     1                 .L0 
    80b6     80b6        0     1                 .L0 
    80b8     80b8        0     1                 .L0 
    80ba     80ba        0     1                 .L0 
    80bc     80bc        0     1                 .L0 
    80be     80be        0     1                 .L0 
    80c0     80c0        0     1                 .L0 
    80c2     80c2        0     1                 .L0 
    80c4     80c4        0     1                 .L0 
    80c6     80c6        0     1                 .L0 
    80c8     80c8        0     1                 .L0 
    80ca     80ca        0     1                 .Lpcrel_hi0
    80ca     80ca        0     1                 .L0 
    80d2     80d2        0     1                 .L0 
    80d2     80d2        0     1                 .L0 
    80d2     80d2        0     1                 _start
    80d6     80d6        0     1                 zero_loop
    80d6     80d6        0     1                 .L0 
    80d6     80d6        0     1                 .L0 
    80da     80da        0     1                 .L0 
    80dc     80dc        0     1                 .L0 
    80e0     80e0        0     1                 zero_loop_end
    80e0     80e0        0     1                 .L0 
    80e0     80e0        0     1                 .L0 
    80e2     80e2        0     1                 .L0 
    80e4     80e4        0     1                 .L0 
    80e8     80e8        0     1                 .L0 
    80ea     80ea        0     1                 .L0 
    80ec     80ec        0     1                 .L0 
    80f0     80f0        0     1                 ISR_I2C_ASM
    80f0     80f0        0     1                 .L0 
    80f0     80f0        0     1                 .L0 
    80f2     80f2        0     1                 .L0 
    80f4     80f4        0     1                 .L0 
    80f6     80f6        0     1                 .Lpcrel_hi1
    80f6     80f6        0     1                 .L0 
    80fe     80fe        0     1                 .L0 
    8102     8102        0     1                 ISR_UART_ASM
    8102     8102        0     1                 .L0 
    8102     8102        0     1                 .L0 
    8104     8104        0     1                 .L0 
    8106     8106        0     1                 .L0 
    8108     8108        0     1                 .Lpcrel_hi2
    8108     8108        0     1                 .L0 
    8110     8110        0     1                 .L0 
    8114     8114        0     1                 ISR_GPIO_ASM
    8114     8114        0     1                 .L0 
    8114     8114        0     1                 .L0 
    8116     8116        0     1                 .L0 
    8118     8118        0     1                 .L0 
    811a     811a        0     1                 .Lpcrel_hi3
    811a     811a        0     1                 .L0 
    8122     8122        0     1                 .L0 
    8126     8126        0     1                 ISR_SPIM0_ASM
    8126     8126        0     1                 .L0 
    8126     8126        0     1                 .L0 
    8128     8128        0     1                 .L0 
    812a     812a        0     1                 .L0 
    812c     812c        0     1                 .Lpcrel_hi4
    812c     812c        0     1                 .L0 
    8134     8134        0     1                 .L0 
    8138     8138        0     1                 ISR_SPIM1_ASM
    8138     8138        0     1                 .L0 
    8138     8138        0     1                 .L0 
    813a     813a        0     1                 .L0 
    813c     813c        0     1                 .L0 
    813e     813e        0     1                 .Lpcrel_hi5
    813e     813e        0     1                 .L0 
    8146     8146        0     1                 .L0 
    814a     814a        0     1                 ISR_TA_CMP_ASM
    814a     814a        0     1                 .L0 
    814a     814a        0     1                 .L0 
    814c     814c        0     1                 .L0 
    814e     814e        0     1                 .L0 
    8150     8150        0     1                 .Lpcrel_hi6
    8150     8150        0     1                 .L0 
    8158     8158        0     1                 .L0 
    815c     815c        0     1                 ISR_TA_OVF_ASM
    815c     815c        0     1                 .L0 
    815c     815c        0     1                 .L0 
    815e     815e        0     1                 .L0 
    8160     8160        0     1                 .L0 
    8162     8162        0     1                 .Lpcrel_hi7
    8162     8162        0     1                 .L0 
    816a     816a        0     1                 .L0 
    816e     816e        0     1                 ISR_TB_CMP_ASM
    816e     816e        0     1                 .L0 
    816e     816e        0     1                 .L0 
    8170     8170        0     1                 .L0 
    8172     8172        0     1                 .L0 
    8174     8174        0     1                 .Lpcrel_hi8
    8174     8174        0     1                 .L0 
    817c     817c        0     1                 .L0 
    8180     8180        0     1                 ISR_TB_OVF_ASM
    8180     8180        0     1                 .L0 
    8180     8180        0     1                 .L0 
    8182     8182        0     1                 .L0 
    8184     8184        0     1                 .L0 
    8186     8186        0     1                 .Lpcrel_hi9
    8186     8186        0     1                 .L0 
    818e     818e        0     1                 .L0 
    8192     8192        0     1                 illegal_insn_handler
    8192     8192        0     1                 .L0 
    8192     8192        0     1                 .L0 
    8194     8194        0     1                 .L0 
    8196     8196        0     1                 .L0 
    8198     8198        0     1                 .Lpcrel_hi10
    8198     8198        0     1                 .L0 
    81a0     81a0        0     1                 .L0 
    81a4     81a4        0     1                 ecall_insn_handler
    81a4     81a4        0     1                 .L0 
    81a4     81a4        0     1                 .L0 
    81a6     81a6        0     1                 .L0 
    81a8     81a8        0     1                 .L0 
    81aa     81aa        0     1                 .Lpcrel_hi11
    81aa     81aa        0     1                 .L0 
    81b2     81b2        0     1                 .L0 
    81b6     81b6        0     1                 store_regs
    81b6     81b6        0     1                 .L0 
    81b6     81b6        0     1                 .L0 
    81b8     81b8        0     1                 .L0 
    81ba     81ba        0     1                 .L0 
    81bc     81bc        0     1                 .L0 
    81be     81be        0     1                 .L0 
    81c0     81c0        0     1                 .L0 
    81c2     81c2        0     1                 .L0 
    81c4     81c4        0     1                 .L0 
    81c6     81c6        0     1                 .L0 
    81c8     81c8        0     1                 .L0 
    81ca     81ca        0     1                 .L0 
    81cc     81cc        0     1                 .L0 
    81ce     81ce        0     1                 .L0 
    81d0     81d0        0     1                 .L0 
    81d2     81d2        0     1                 .L0 
    81d4     81d4        0     1                 .L0 
    81d6     81d6        0     1                 .L0 
    81d8     81d8        0     1                 .L0 
    81dc     81dc        0     1                 .L0 
    81e0     81e0        0     1                 .L0 
    81e4     81e4        0     1                 .L0 
    81e6     81e6        0     1                 .L0 
    81e8     81e8        0     1                 .L0 
    81ea     81ea        0     1                 .L0 
    81ee     81ee        0     1                 .L0 
    81f2     81f2        0     1                 .L0 
    81f6     81f6        0     1                 .L0 
    81f8     81f8        0     1                 .L0 
    81fa     81fa        0     1                 .L0 
    81fc     81fc        0     1                 .L0 
    81fe     81fe        0     1                 end_except
    81fe     81fe        0     1                 .L0 
    81fe     81fe        0     1                 .L0 
    8200     8200        0     1                 .L0 
    8202     8202        0     1                 .L0 
    8204     8204        0     1                 .L0 
    8208     8208        0     1                 .L0 
    820c     820c        0     1                 .L0 
    8210     8210        0     1                 .L0 
    8212     8212        0     1                 .L0 
    8214     8214        0     1                 .L0 
    8216     8216        0     1                 .L0 
    821a     821a        0     1                 .L0 
    821e     821e        0     1                 .L0 
    8222     8222        0     1                 .L0 
    8224     8224        0     1                 .L0 
    8226     8226        0     1                 .L0 
    8228     8228        0     1                 .L0 
    822a     822a        0     1                 .L0 
    822c     822c        0     1                 .L0 
    822e     822e        0     1                 .L0 
    8230     8230        0     1                 .L0 
    8232     8232        0     1                 .L0 
    8234     8234        0     1                 .L0 
    8236     8236        0     1                 .L0 
    8238     8238        0     1                 .L0 
    823a     823a        0     1                 .L0 
    823c     823c        0     1                 .L0 
    823e     823e        0     1                 .L0 
    8240     8240        0     1                 .L0 
    8242     8242        0     1                 .L0 
    8244     8244        0     1                 .L0 
    8246     8246        0     1                 .L0 
    8248     8248        0     1                 .L0 
    824c     824c        0     1                 .L0 
    824c     824c        0     1                 .L0 
    824c     824c        0     1                 .L0 
    824c     824c        0     1                 _init
    824c     824c        0     1                 _fini
    824e     824e        0     1                 .L0 
    824e     824e        0     1         _etext = .
    824e     824e        0     1         __CTOR_LIST__ = .
    824e     824e        4     1         LONG((__CTOR_END__ - __CTOR_LIST__) / 4 - 2)
    8252     8252        4     1         LONG(0)
    8256     8256        0     1         __CTOR_END__ = .
    8256     8256        0     1         __DTOR_LIST__ = .
    8256     8256        4     1         LONG((__DTOR_END__ - __DTOR_LIST__) / 4 - 2)
    825a     825a        4     1         LONG(0)
    825e     825e        0     1         __DTOR_END__ = .
    825e     825e        0     1         _endtext = .
    825e     825e        2     2 .text.default_exception_handler_c
    825e     825e        2     2         include/exceptions.o:(.text.default_exception_handler_c)
    825e     825e        0     1                 .L0 
    825e     825e        0     1                 .L0 
    825e     825e        0     1                 .L0 
    825e     825e        0     1                 $x
    825e     825e        0     1                 .L0 
    825e     825e        2     1                 default_exception_handler_c
    8260     8260        0     1                 .L0 
    8260     8260        0     1                 .L0 
    8260     8260        2     2 .text.illegal_insn_handler_c
    8260     8260        2     2         include/exceptions.o:(.text.illegal_insn_handler_c)
    8260     8260        0     1                 .L0 
    8260     8260        0     1                 .L0 
    8260     8260        0     1                 .L0 
    8260     8260        0     1                 $x
    8260     8260        0     1                 .L0 
    8260     8260        2     1                 illegal_insn_handler_c
    8262     8262        0     1                 .L0 
    8262     8262        0     1                 .L0 
    8262     8262        2     2 .text.ecall_insn_handler_c
    8262     8262        2     2         include/exceptions.o:(.text.ecall_insn_handler_c)
    8262     8262        0     1                 .L0 
    8262     8262        0     1                 .L0 
    8262     8262        0     1                 .L0 
    8262     8262        0     1                 $x
    8262     8262        0     1                 .L0 
    8262     8262        2     1                 ecall_insn_handler_c
    8264     8264        0     1                 .L0 
    8264     8264        0     1                 .L0 
    8264     8264        2     2 .text.ISR_I2C
    8264     8264        2     2         include/int.o:(.text.ISR_I2C)
    8264     8264        0     1                 .L0 
    8264     8264        0     1                 .L0 
    8264     8264        0     1                 .L0 
    8264     8264        0     1                 $x
    8264     8264        0     1                 .L0 
    8264     8264        2     1                 ISR_I2C
    8266     8266        0     1                 .L0 
    8266     8266        0     1                 .L0 
    8266     8266        2     2 .text.ISR_UART
    8266     8266        2     2         include/int.o:(.text.ISR_UART)
    8266     8266        0     1                 .L0 
    8266     8266        0     1                 .L0 
    8266     8266        0     1                 .L0 
    8266     8266        0     1                 $x
    8266     8266        0     1                 .L0 
    8266     8266        2     1                 ISR_UART
    8268     8268        0     1                 .L0 
    8268     8268        0     1                 .L0 
    8268     8268        2     2 .text.ISR_GPIO
    8268     8268        2     2         include/int.o:(.text.ISR_GPIO)
    8268     8268        0     1                 .L0 
    8268     8268        0     1                 .L0 
    8268     8268        0     1                 .L0 
    8268     8268        0     1                 $x
    8268     8268        0     1                 .L0 
    8268     8268        2     1                 ISR_GPIO
    826a     826a        0     1                 .L0 
    826a     826a        0     1                 .L0 
    826a     826a        2     2 .text.ISR_SPIM0
    826a     826a        2     2         include/int.o:(.text.ISR_SPIM0)
    826a     826a        0     1                 .L0 
    826a     826a        0     1                 .L0 
    826a     826a        0     1                 .L0 
    826a     826a        0     1                 $x
    826a     826a        0     1                 .L0 
    826a     826a        2     1                 ISR_SPIM0
    826c     826c        0     1                 .L0 
    826c     826c        0     1                 .L0 
    826c     826c        2     2 .text.ISR_SPIM1
    826c     826c        2     2         include/int.o:(.text.ISR_SPIM1)
    826c     826c        0     1                 .L0 
    826c     826c        0     1                 .L0 
    826c     826c        0     1                 .L0 
    826c     826c        0     1                 $x
    826c     826c        0     1                 .L0 
    826c     826c        2     1                 ISR_SPIM1
    826e     826e        0     1                 .L0 
    826e     826e        0     1                 .L0 
    826e     826e        2     2 .text.ISR_TA_OVF
    826e     826e        2     2         include/int.o:(.text.ISR_TA_OVF)
    826e     826e        0     1                 .L0 
    826e     826e        0     1                 .L0 
    826e     826e        0     1                 .L0 
    826e     826e        0     1                 $x
    826e     826e        0     1                 .L0 
    826e     826e        2     1                 ISR_TA_OVF
    8270     8270        0     1                 .L0 
    8270     8270        0     1                 .L0 
    8270     8270        2     2 .text.ISR_TA_CMP
    8270     8270        2     2         include/int.o:(.text.ISR_TA_CMP)
    8270     8270        0     1                 .L0 
    8270     8270        0     1                 .L0 
    8270     8270        0     1                 .L0 
    8270     8270        0     1                 $x
    8270     8270        0     1                 .L0 
    8270     8270        2     1                 ISR_TA_CMP
    8272     8272        0     1                 .L0 
    8272     8272        0     1                 .L0 
    8272     8272        2     2 .text.ISR_TB_OVF
    8272     8272        2     2         include/int.o:(.text.ISR_TB_OVF)
    8272     8272        0     1                 .L0 
    8272     8272        0     1                 .L0 
    8272     8272        0     1                 .L0 
    8272     8272        0     1                 $x
    8272     8272        0     1                 .L0 
    8272     8272        2     1                 ISR_TB_OVF
    8274     8274        0     1                 .L0 
    8274     8274        0     1                 .L0 
    8274     8274        2     2 .text.ISR_TB_CMP
    8274     8274        2     2         include/int.o:(.text.ISR_TB_CMP)
    8274     8274        0     1                 .L0 
    8274     8274        0     1                 .L0 
    8274     8274        0     1                 .L0 
    8274     8274        0     1                 $x
    8274     8274        0     1                 .L0 
    8274     8274        2     1                 ISR_TB_CMP
    8276     8276        0     1                 .L0 
    8276     8276        0     1                 .L0 
    8276     8276       20     2 .text._copy
    8276     8276       20     2         include/tcutils.o:(.text._copy)
    8276     8276        0     1                 .L0 
    8276     8276        0     1                 .L0 
    8276     8276        0     1                 $x
    8276     8276        0     1                 .L0 
    8276     8276       20     1                 _copy
    827c     827c        0     1                 .L0 
    827c     827c        0     1                 .L0 
    8280     8280        0     1                 .L0 
    8282     8282        0     1                 .L0 
    8284     8284        0     1                 .L0 
    8284     8284        0     1                 .L0 
    8286     8286        0     1                 .L0 
    8286     8286        0     1                 .L0 
    8288     8288        0     1                 .L0 
    828a     828a        0     1                 .L0 
    828c     828c        0     1                 .L0 
    828c     828c        0     1                 .L0 
    828c     828c        0     1                 .L0 
    828e     828e        0     1                 .L0 
    8292     8292        0     1                 .L0 
    8296     8296        0     1                 .L0 
    8296     8296        0     1                 .L0 
    8296     8296        2     2 .text._set
    8296     8296        2     2         include/tcutils.o:(.text._set)
    8296     8296        0     1                 .L0 
    8296     8296        0     1                 .L0 
    8296     8296        0     1                 $x
    8296     8296        0     1                 .L0 
    8296     8296        2     1                 _set
    8298     8298        0     1                 .L0 
    8298     8298        0     1                 .L0 
    8298     8298       12     2 .text._double_byte
    8298     8298       12     2         include/tcutils.o:(.text._double_byte)
    8298     8298        0     1                 .L0 
    8298     8298        0     1                 .L0 
    8298     8298        0     1                 $x
    8298     8298        0     1                 .L0 
    8298     8298       12     1                 _double_byte
    829c     829c        0     1                 .L0 
    829e     829e        0     1                 .L0 
    82a2     82a2        0     1                 .L0 
    82a4     82a4        0     1                 .L0 
    82aa     82aa        0     1                 .L0 
    82aa     82aa       24     2 .text._compare
    82aa     82aa       24     2         include/tcutils.o:(.text._compare)
    82aa     82aa        0     1                 .L0 
    82aa     82aa        0     1                 .L0 
    82aa     82aa        0     1                 $x
    82aa     82aa        0     1                 .L0 
    82aa     82aa       24     1                 _compare
    82ac     82ac        0     1                 .L0 
    82ae     82ae        0     1                 .L0 
    82b0     82b0        0     1                 .L0 
    82b0     82b0        0     1                 .L0 
    82b0     82b0        0     1                 .L0 
    82b4     82b4        0     1                 .L0 
    82b8     82b8        0     1                 .L0 
    82ba     82ba        0     1                 .L0 
    82bc     82bc        0     1                 .L0 
    82be     82be        0     1                 .L0 
    82c0     82c0        0     1                 .L0 
    82c4     82c4        0     1                 .L0 
    82c4     82c4        0     1                 .L0 
    82c8     82c8        0     1                 .L0 
    82ca     82ca        0     1                 .L0 
    82ca     82ca        0     1                 .L0 
    82ca     82ca        0     1                 .L0 
    82cc     82cc        0     1                 .L0 
    82cc     82cc        0     1                 .L0 
    82ce     82ce        0     1                 .L0 
    82ce     82ce        0     1                 .L0 
    82ce     82ce       16     2 .text.memset
    82ce     82ce       16     2         include/tcutils.o:(.text.memset)
    82ce     82ce        0     1                 .L0 
    82ce     82ce        0     1                 .L0 
    82ce     82ce        0     1                 $x
    82ce     82ce        0     1                 .L0 
    82ce     82ce       16     1                 memset
    82d2     82d2        0     1                 .L0 
    82d2     82d2        0     1                 .L0 
    82d4     82d4        0     1                 .L0 
    82d4     82d4        0     1                 .L0 
    82d4     82d4        0     1                 .L0 
    82d8     82d8        0     1                 .L0 
    82d8     82d8        0     1                 .L0 
    82de     82de        0     1                 .L0 
    82de     82de        0     1                 .L0 
    82e2     82e2        0     1                 .L0 
    82e2     82e2        0     1                 .L0 
    82e2     82e2        0     1                 .L0 
    82e4     82e4        0     1                 .L0 
    82e4     82e4        0     1                 .L0 
    82e4     82e4       1c     2 .text.memcpy
    82e4     82e4       1c     2         include/tcutils.o:(.text.memcpy)
    82e4     82e4        0     1                 .L0 
    82e4     82e4        0     1                 .L0 
    82e4     82e4        0     1                 $x
    82e4     82e4        0     1                 .L0 
    82e4     82e4       1c     1                 memcpy
    82e8     82e8        0     1                 .L0 
    82e8     82e8        0     1                 .L0 
    82ea     82ea        0     1                 .L0 
    82ea     82ea        0     1                 .L0 
    82ea     82ea        0     1                 .L0 
    82ee     82ee        0     1                 .L0 
    82f0     82f0        0     1                 .L0 
    82f4     82f4        0     1                 .L0 
    82f4     82f4        0     1                 .L0 
    82fa     82fa        0     1                 .L0 
    82fa     82fa        0     1                 .L0 
    82fe     82fe        0     1                 .L0 
    82fe     82fe        0     1                 .L0 
    82fe     82fe        0     1                 .L0 
    8300     8300        0     1                 .L0 
    8300     8300        0     1                 .L0 
    8300     8300        2     2 .text.exit
    8300     8300        2     2         include/utils.o:(.text.exit)
    8300     8300        0     1                 .L0 
    8300     8300        0     1                 .L0 
    8300     8300        0     1                 .L0 
    8300     8300        0     1                 $x
    8300     8300        0     1                 .L0 
    8300     8300        2     1                 exit
    8302     8302        0     1                 .L0 
    8302     8302        0     1                 .L0 
    8302     8302        0     1                 .L0 
    8302     8302        2     2 .text.eoc
    8302     8302        2     2         include/utils.o:(.text.eoc)
    8302     8302        0     1                 .L0 
    8302     8302        0     1                 .L0 
    8302     8302        0     1                 .L0 
    8302     8302        0     1                 $x
    8302     8302        0     1                 .L0 
    8302     8302        2     1                 eoc
    8304     8304        0     1                 .L0 
    8304     8304        0     1                 .L0 
    8304     8304       1a     2 .text.sleep_busy
    8304     8304       1a     2         include/utils.o:(.text.sleep_busy)
    8304     8304        0     1                 .L0 
    8304     8304        0     1                 .L0 
    8304     8304        0     1                 $x
    8304     8304        0     1                 .L0 
    8304     8304       1a     1                 sleep_busy
    8306     8306        0     1                 .L0 
    8308     8308        0     1                 .L0 
    8308     8308        0     1                 .L0 
    830a     830a        0     1                 .L0 
    830e     830e        0     1                 .L0 
    8310     8310        0     1                 .L0 
    8310     8310        0     1                 .L0 
    8310     8310        0     1                 .L0 
    8312     8312        0     1                 .L0 
    8314     8314        0     1                 .L0 
    8316     8316        0     1                 .L0 
    831a     831a        0     1                 .L0 
    831a     831a        0     1                 .L0 
    831a     831a        0     1                 .L0 
    831c     831c        0     1                 .L0 
    831e     831e        0     1                 .L0 
    831e     831e        0     1                 .L0 
    831e     831e       22     2 .text.sub_bytes
    831e     831e       22     2         main.o:(.text.sub_bytes)
    831e     831e        0     1                 .L0 
    831e     831e        0     1                 .L0 
    831e     831e        0     1                 $x
    831e     831e        0     1                 .L0 
    831e     831e       22     1                 sub_bytes
    832a     832a        0     1                 .L0 
    832a     832a        0     1                 .L0 
    832a     832a        0     1                 .L0 
    832e     832e        0     1                 .L0 
    8334     8334        0     1                 .L0 
    8338     8338        0     1                 .L0 
    833a     833a        0     1                 .L0 
    833e     833e        0     1                 .L0 
    833e     833e        0     1                 .L0 
    8340     8340        0     1                 .L0 
    8340     8340        0     1                 .L0 
    8340     8340       62     2 .text.shift_rows
    8340     8340       62     2         main.o:(.text.shift_rows)
    8340     8340        0     1                 .L0 
    8340     8340        0     1                 .L0 
    8340     8340        0     1                 $x
    8340     8340        0     1                 .L0 
    8340     8340       62     1                 shift_rows
    8344     8344        0     1                 .L0 
    8348     8348        0     1                 .L0 
    834c     834c        0     1                 .L0 
    8350     8350        0     1                 .L0 
    8354     8354        0     1                 .L0 
    8358     8358        0     1                 .L0 
    835c     835c        0     1                 .L0 
    8360     8360        0     1                 .L0 
    8364     8364        0     1                 .L0 
    8368     8368        0     1                 .L0 
    836c     836c        0     1                 .L0 
    8370     8370        0     1                 .L0 
    8374     8374        0     1                 .L0 
    8378     8378        0     1                 .L0 
    837c     837c        0     1                 .L0 
    8380     8380        0     1                 .L0 
    8384     8384        0     1                 .L0 
    8388     8388        0     1                 .L0 
    838c     838c        0     1                 .L0 
    8390     8390        0     1                 .L0 
    8394     8394        0     1                 .L0 
    8398     8398        0     1                 .L0 
    839c     839c        0     1                 .L0 
    83a0     83a0        0     1                 .L0 
    83a2     83a2        0     1                 .L0 
    83a2     83a2       26     2 .text.gf_mult
    83a2     83a2       26     2         main.o:(.text.gf_mult)
    83a2     83a2        0     1                 .L0 
    83a2     83a2        0     1                 .L0 
    83a2     83a2        0     1                 $x
    83a2     83a2        0     1                 .L0 
    83a2     83a2       26     1                 gf_mult
    83a6     83a6        0     1                 .L0 
    83a6     83a6        0     1                 .L0 
    83a6     83a6        0     1                 .L0 
    83b2     83b2        0     1                 .L0 
    83b4     83b4        0     1                 .L0 
    83b6     83b6        0     1                 .L0 
    83ba     83ba        0     1                 .L0 
    83bc     83bc        0     1                 .L0 
    83be     83be        0     1                 .L0 
    83c0     83c0        0     1                 .L0 
    83c2     83c2        0     1                 .L0 
    83c2     83c2        0     1                 .L0 
    83c6     83c6        0     1                 .L0 
    83c8     83c8        0     1                 .L0 
    83c8     83c8        0     1                 .L0 
    83c8     83c8      1c0     2 .text.mix_columns
    83c8     83c8      1c0     2         main.o:(.text.mix_columns)
    83c8     83c8        0     1                 .L0 
    83c8     83c8        0     1                 .L0 
    83c8     83c8        0     1                 $x
    83c8     83c8        0     1                 .L0 
    83c8     83c8      1c0     1                 mix_columns
    83d4     83d4        0     1                 .L0 
    83dc     83dc        0     1                 .L0 
    83de     83de        0     1                 .L0 
    83de     83de        0     1                 .L0 
    83e2     83e2        0     1                 .L0 
    83f0     83f0        0     1                 .L0 
    83f0     83f0        0     1                 .L0 
    83f0     83f0        0     1                 .L0 
    83fc     83fc        0     1                 .L0 
    83fe     83fe        0     1                 .L0 
    8400     8400        0     1                 .L0 
    8402     8402        0     1                 .L0 
    8406     8406        0     1                 .L0 
    8408     8408        0     1                 .L0 
    840a     840a        0     1                 .L0 
    840c     840c        0     1                 .L0 
    840e     840e        0     1                 .L0 
    840e     840e        0     1                 .L0 
    8410     8410        0     1                 .L0 
    8414     8414        0     1                 .L0 
    8422     8422        0     1                 .L0 
    8422     8422        0     1                 .L0 
    8422     8422        0     1                 .L0 
    842e     842e        0     1                 .L0 
    8430     8430        0     1                 .L0 
    8432     8432        0     1                 .L0 
    8432     8432        0     1                 .L0 
    8434     8434        0     1                 .L0 
    8434     8434        0     1                 .L0 
    8438     8438        0     1                 .L0 
    843a     843a        0     1                 .L0 
    843c     843c        0     1                 .L0 
    843e     843e        0     1                 .L0 
    843e     843e        0     1                 .L0 
    8440     8440        0     1                 .L0 
    8440     8440        0     1                 .L0 
    8442     8442        0     1                 .L0 
    8446     8446        0     1                 .L0 
    844a     844a        0     1                 .L0 
    844e     844e        0     1                 .L0 
    8452     8452        0     1                 .L0 
    8456     8456        0     1                 .L0 
    845a     845a        0     1                 .L0 
    845c     845c        0     1                 .L0 
    845c     845c        0     1                 .L0 
    845e     845e        0     1                 .L0 
    8462     8462        0     1                 .L0 
    8466     8466        0     1                 .L0 
    846e     846e        0     1                 .L0 
    846e     846e        0     1                 .L0 
    846e     846e        0     1                 .L0 
    847a     847a        0     1                 .L0 
    847c     847c        0     1                 .L0 
    847e     847e        0     1                 .L0 
    847e     847e        0     1                 .L0 
    8480     8480        0     1                 .L0 
    8480     8480        0     1                 .L0 
    8484     8484        0     1                 .L0 
    8486     8486        0     1                 .L0 
    8488     8488        0     1                 .L0 
    848a     848a        0     1                 .L0 
    848a     848a        0     1                 .L0 
    848c     848c        0     1                 .L0 
    848c     848c        0     1                 .L0 
    8492     8492        0     1                 .L0 
    8492     8492        0     1                 .L0 
    8492     8492        0     1                 .L0 
    849e     849e        0     1                 .L0 
    84a0     84a0        0     1                 .L0 
    84a2     84a2        0     1                 .L0 
    84a2     84a2        0     1                 .L0 
    84a4     84a4        0     1                 .L0 
    84a4     84a4        0     1                 .L0 
    84a8     84a8        0     1                 .L0 
    84aa     84aa        0     1                 .L0 
    84ac     84ac        0     1                 .L0 
    84ae     84ae        0     1                 .L0 
    84ae     84ae        0     1                 .L0 
    84b0     84b0        0     1                 .L0 
    84b0     84b0        0     1                 .L0 
    84b4     84b4        0     1                 .L0 
    84b6     84b6        0     1                 .L0 
    84b8     84b8        0     1                 .L0 
    84bc     84bc        0     1                 .L0 
    84c4     84c4        0     1                 .L0 
    84c4     84c4        0     1                 .L0 
    84c4     84c4        0     1                 .L0 
    84d0     84d0        0     1                 .L0 
    84d2     84d2        0     1                 .L0 
    84d4     84d4        0     1                 .L0 
    84d4     84d4        0     1                 .L0 
    84d6     84d6        0     1                 .L0 
    84d6     84d6        0     1                 .L0 
    84da     84da        0     1                 .L0 
    84dc     84dc        0     1                 .L0 
    84de     84de        0     1                 .L0 
    84e0     84e0        0     1                 .L0 
    84e0     84e0        0     1                 .L0 
    84e2     84e2        0     1                 .L0 
    84e2     84e2        0     1                 .L0 
    84e4     84e4        0     1                 .L0 
    84ee     84ee        0     1                 .L0 
    84ee     84ee        0     1                 .L0 
    84ee     84ee        0     1                 .L0 
    84fa     84fa        0     1                 .L0 
    84fc     84fc        0     1                 .L0 
    84fe     84fe        0     1                 .L0 
    84fe     84fe        0     1                 .L0 
    8500     8500        0     1                 .L0 
    8500     8500        0     1                 .L0 
    8504     8504        0     1                 .L0 
    8506     8506        0     1                 .L0 
    8508     8508        0     1                 .L0 
    850a     850a        0     1                 .L0 
    850a     850a        0     1                 .L0 
    850c     850c        0     1                 .L0 
    850c     850c        0     1                 .L0 
    8510     8510        0     1                 .L0 
    8512     8512        0     1                 .L0 
    8516     8516        0     1                 .L0 
    851c     851c        0     1                 .L0 
    851c     851c        0     1                 .L0 
    851c     851c        0     1                 .L0 
    8528     8528        0     1                 .L0 
    852a     852a        0     1                 .L0 
    852c     852c        0     1                 .L0 
    852c     852c        0     1                 .L0 
    852e     852e        0     1                 .L0 
    852e     852e        0     1                 .L0 
    8532     8532        0     1                 .L0 
    8534     8534        0     1                 .L0 
    8536     8536        0     1                 .L0 
    853a     853a        0     1                 .L0 
    853a     853a        0     1                 .L0 
    853c     853c        0     1                 .L0 
    853c     853c        0     1                 .L0 
    8540     8540        0     1                 .L0 
    8540     8540        0     1                 .L0 
    8540     8540        0     1                 .L0 
    854c     854c        0     1                 .L0 
    854e     854e        0     1                 .L0 
    8550     8550        0     1                 .L0 
    8550     8550        0     1                 .L0 
    8552     8552        0     1                 .L0 
    8552     8552        0     1                 .L0 
    8556     8556        0     1                 .L0 
    8558     8558        0     1                 .L0 
    855a     855a        0     1                 .L0 
    855e     855e        0     1                 .L0 
    855e     855e        0     1                 .L0 
    8560     8560        0     1                 .L0 
    8560     8560        0     1                 .L0 
    8564     8564        0     1                 .L0 
    8566     8566        0     1                 .L0 
    8568     8568        0     1                 .L0 
    856a     856a        0     1                 .L0 
    856a     856a        0     1                 .L0 
    856c     856c        0     1                 .L0 
    856c     856c        0     1                 .L0 
    8570     8570        0     1                 .L0 
    8570     8570        0     1                 .L0 
    8574     8574        0     1                 .L0 
    8574     8574        0     1                 .L0 
    857a     857a        0     1                 .L0 
    857a     857a        0     1                 .L0 
    8584     8584        0     1                 .L0 
    8588     8588        0     1                 .L0 
    8588     8588        0     1                 .L0 
    8588     8588       1c     2 .text.add_round_key
    8588     8588       1c     2         main.o:(.text.add_round_key)
    8588     8588        0     1                 .L0 
    8588     8588        0     1                 .L0 
    8588     8588        0     1                 $x
    8588     8588        0     1                 .L0 
    8588     8588       1c     1                 add_round_key
    858c     858c        0     1                 .L0 
    858c     858c        0     1                 .L0 
    8590     8590        0     1                 .L0 
    859a     859a        0     1                 .L0 
    859e     859e        0     1                 .L0 
    85a2     85a2        0     1                 .L0 
    85a2     85a2        0     1                 .L0 
    85a4     85a4        0     1                 .L0 
    85a4     85a4        0     1                 .L0 
    85a4     85a4       60     2 .text.aes_inner_round
    85a4     85a4       60     2         main.o:(.text.aes_inner_round)
    85a4     85a4        0     1                 .L0 
    85a4     85a4        0     1                 .L0 
    85a4     85a4        0     1                 $x
    85a4     85a4        0     1                 .L0 
    85a4     85a4       60     1                 aes_inner_round
    85a6     85a6        0     1                 .L0 
    85a8     85a8        0     1                 .L0 
    85aa     85aa        0     1                 .L0 
    85ac     85ac        0     1                 .L0 
    85b0     85b0        0     1                 .L0 
    85b4     85b4        0     1                 .L0 
    85b8     85b8        0     1                 .L0 
    85ba     85ba        0     1                 .L0 
    85ba     85ba        0     1                 .L0 
    85be     85be        0     1                 .L0 
    85be     85be        0     1                 .L0 
    85c2     85c2        0     1                 .L0 
    85c2     85c2        0     1                 .L0 
    85c6     85c6        0     1                 .L0 
    85c6     85c6        0     1                 .L0 
    85ca     85ca        0     1                 .L0 
    85ca     85ca        0     1                 .L0 
    85ce     85ce        0     1                 .L0 
    85ce     85ce        0     1                 .L0 
    85d2     85d2        0     1                 .L0 
    85d2     85d2        0     1                 .L0 
    85d6     85d6        0     1                 .L0 
    85d6     85d6        0     1                 .L0 
    85da     85da        0     1                 .L0 
    85da     85da        0     1                 .L0 
    85de     85de        0     1                 .L0 
    85de     85de        0     1                 .L0 
    85e2     85e2        0     1                 .L0 
    85e2     85e2        0     1                 .L0 
    85e6     85e6        0     1                 .L0 
    85e6     85e6        0     1                 .L0 
    85ea     85ea        0     1                 .L0 
    85ea     85ea        0     1                 .L0 
    85ee     85ee        0     1                 .L0 
    85ee     85ee        0     1                 .L0 
    85f2     85f2        0     1                 .L0 
    85f2     85f2        0     1                 .L0 
    85f6     85f6        0     1                 .L0 
    85f6     85f6        0     1                 .L0 
    85fa     85fa        0     1                 .L0 
    85fc     85fc        0     1                 .L0 
    85fe     85fe        0     1                 .L0 
    8600     8600        0     1                 .L0 
    8602     8602        0     1                 .L0 
    8604     8604        0     1                 .L0 
    8604     8604       60     2 .text.aes_final_round
    8604     8604       60     2         main.o:(.text.aes_final_round)
    8604     8604        0     1                 .L0 
    8604     8604        0     1                 .L0 
    8604     8604        0     1                 $x
    8604     8604        0     1                 .L0 
    8604     8604       60     1                 aes_final_round
    8606     8606        0     1                 .L0 
    8608     8608        0     1                 .L0 
    860a     860a        0     1                 .L0 
    860c     860c        0     1                 .L0 
    8610     8610        0     1                 .L0 
    8614     8614        0     1                 .L0 
    8618     8618        0     1                 .L0 
    861a     861a        0     1                 .L0 
    861a     861a        0     1                 .L0 
    861e     861e        0     1                 .L0 
    861e     861e        0     1                 .L0 
    8622     8622        0     1                 .L0 
    8622     8622        0     1                 .L0 
    8626     8626        0     1                 .L0 
    8626     8626        0     1                 .L0 
    862a     862a        0     1                 .L0 
    862a     862a        0     1                 .L0 
    862e     862e        0     1                 .L0 
    862e     862e        0     1                 .L0 
    8632     8632        0     1                 .L0 
    8632     8632        0     1                 .L0 
    8636     8636        0     1                 .L0 
    8636     8636        0     1                 .L0 
    863a     863a        0     1                 .L0 
    863a     863a        0     1                 .L0 
    863e     863e        0     1                 .L0 
    863e     863e        0     1                 .L0 
    8642     8642        0     1                 .L0 
    8642     8642        0     1                 .L0 
    8646     8646        0     1                 .L0 
    8646     8646        0     1                 .L0 
    864a     864a        0     1                 .L0 
    864a     864a        0     1                 .L0 
    864e     864e        0     1                 .L0 
    864e     864e        0     1                 .L0 
    8652     8652        0     1                 .L0 
    8652     8652        0     1                 .L0 
    8656     8656        0     1                 .L0 
    8656     8656        0     1                 .L0 
    865a     865a        0     1                 .L0 
    865c     865c        0     1                 .L0 
    865e     865e        0     1                 .L0 
    8660     8660        0     1                 .L0 
    8662     8662        0     1                 .L0 
    8664     8664        0     1                 .L0 
    8664     8664      440     2 .text.aes128_encrypt_block
    8664     8664      440     2         main.o:(.text.aes128_encrypt_block)
    8664     8664        0     1                 .L0 
    8664     8664        0     1                 .L0 
    8664     8664        0     1                 $x
    8664     8664        0     1                 .L0 
    8664     8664      440     1                 aes128_encrypt_block
    8668     8668        0     1                 .L0 
    866a     866a        0     1                 .L0 
    86ea     86ea        0     1                 .L0 
    86ec     86ec        0     1                 .L0 
    86f4     86f4        0     1                 .L0 
    86f4     86f4        0     1                 .L0 
    86f8     86f8        0     1                 .L0 
    86fa     86fa        0     1                 .L0 
    86fa     86fa        0     1                 .L0 
    86fe     86fe        0     1                 .L0 
    8700     8700        0     1                 .L0 
    8700     8700        0     1                 .L0 
    8704     8704        0     1                 .L0 
    8706     8706        0     1                 .L0 
    8706     8706        0     1                 .L0 
    870a     870a        0     1                 .L0 
    870a     870a        0     1                 .L0 
    870e     870e        0     1                 .L0 
    8710     8710        0     1                 .L0 
    8710     8710        0     1                 .L0 
    8714     8714        0     1                 .L0 
    8716     8716        0     1                 .L0 
    8716     8716        0     1                 .L0 
    871a     871a        0     1                 .L0 
    871c     871c        0     1                 .L0 
    871c     871c        0     1                 .L0 
    8724     8724        0     1                 .L0 
    8726     8726        0     1                 .L0 
    8726     8726        0     1                 .L0 
    8728     8728        0     1                 .L0 
    8728     8728        0     1                 .L0 
    872c     872c        0     1                 .L0 
    8736     8736        0     1                 .L0 
    873a     873a        0     1                 .L0 
    873e     873e        0     1                 .L0 
    873e     873e        0     1                 .L0 
    8742     8742        0     1                 .L0 
    8742     8742        0     1                 .L0 
    8746     8746        0     1                 .L0 
    8746     8746        0     1                 .L0 
    874a     874a        0     1                 .L0 
    874a     874a        0     1                 .L0 
    874e     874e        0     1                 .L0 
    874e     874e        0     1                 .L0 
    8752     8752        0     1                 .L0 
    8752     8752        0     1                 .L0 
    8754     8754        0     1                 .L0 
    8754     8754        0     1                 .L0 
    8756     8756        0     1                 .L0 
    8756     8756        0     1                 .L0 
    8758     8758        0     1                 .L0 
    8758     8758        0     1                 .L0 
    875a     875a        0     1                 .L0 
    875a     875a        0     1                 .L0 
    875e     875e        0     1                 .L0 
    875e     875e        0     1                 .L0 
    8762     8762        0     1                 .L0 
    8762     8762        0     1                 .L0 
    8766     8766        0     1                 .L0 
    8766     8766        0     1                 .L0 
    876a     876a        0     1                 .L0 
    876a     876a        0     1                 .L0 
    876e     876e        0     1                 .L0 
    876e     876e        0     1                 .L0 
    8772     8772        0     1                 .L0 
    8772     8772        0     1                 .L0 
    8776     8776        0     1                 .L0 
    8776     8776        0     1                 .L0 
    877a     877a        0     1                 .L0 
    877a     877a        0     1                 .L0 
    877e     877e        0     1                 .L0 
    877e     877e        0     1                 .L0 
    8782     8782        0     1                 .L0 
    8782     8782        0     1                 .L0 
    8786     8786        0     1                 .L0 
    8786     8786        0     1                 .L0 
    878a     878a        0     1                 .L0 
    878a     878a        0     1                 .L0 
    878e     878e        0     1                 .L0 
    878e     878e        0     1                 .L0 
    8792     8792        0     1                 .L0 
    8792     8792        0     1                 .L0 
    8796     8796        0     1                 .L0 
    8796     8796        0     1                 .L0 
    879a     879a        0     1                 .L0 
    879a     879a        0     1                 .L0 
    879e     879e        0     1                 .L0 
    879e     879e        0     1                 .L0 
    87a2     87a2        0     1                 .L0 
    87a2     87a2        0     1                 .L0 
    87a6     87a6        0     1                 .L0 
    87a6     87a6        0     1                 .L0 
    87aa     87aa        0     1                 .L0 
    87aa     87aa        0     1                 .L0 
    87ae     87ae        0     1                 .L0 
    87ae     87ae        0     1                 .L0 
    87b2     87b2        0     1                 .L0 
    87b2     87b2        0     1                 .L0 
    87b6     87b6        0     1                 .L0 
    87b6     87b6        0     1                 .L0 
    87ba     87ba        0     1                 .L0 
    87ba     87ba        0     1                 .L0 
    87be     87be        0     1                 .L0 
    87be     87be        0     1                 .L0 
    87c2     87c2        0     1                 .L0 
    87c2     87c2        0     1                 .L0 
    87c6     87c6        0     1                 .L0 
    87c6     87c6        0     1                 .L0 
    87ca     87ca        0     1                 .L0 
    87ca     87ca        0     1                 .L0 
    87ce     87ce        0     1                 .L0 
    87ce     87ce        0     1                 .L0 
    87d2     87d2        0     1                 .L0 
    87d2     87d2        0     1                 .L0 
    87d6     87d6        0     1                 .L0 
    87d6     87d6        0     1                 .L0 
    87da     87da        0     1                 .L0 
    87da     87da        0     1                 .L0 
    87de     87de        0     1                 .L0 
    87de     87de        0     1                 .L0 
    87e2     87e2        0     1                 .L0 
    87e2     87e2        0     1                 .L0 
    87e6     87e6        0     1                 .L0 
    87e6     87e6        0     1                 .L0 
    87ea     87ea        0     1                 .L0 
    87ea     87ea        0     1                 .L0 
    87ee     87ee        0     1                 .L0 
    87ee     87ee        0     1                 .L0 
    87f2     87f2        0     1                 .L0 
    87f2     87f2        0     1                 .L0 
    87f6     87f6        0     1                 .L0 
    87f6     87f6        0     1                 .L0 
    87fa     87fa        0     1                 .L0 
    87fa     87fa        0     1                 .L0 
    87fe     87fe        0     1                 .L0 
    87fe     87fe        0     1                 .L0 
    8802     8802        0     1                 .L0 
    8802     8802        0     1                 .L0 
    8806     8806        0     1                 .L0 
    8806     8806        0     1                 .L0 
    880a     880a        0     1                 .L0 
    880a     880a        0     1                 .L0 
    880e     880e        0     1                 .L0 
    880e     880e        0     1                 .L0 
    8812     8812        0     1                 .L0 
    8812     8812        0     1                 .L0 
    8816     8816        0     1                 .L0 
    8816     8816        0     1                 .L0 
    881a     881a        0     1                 .L0 
    881a     881a        0     1                 .L0 
    881e     881e        0     1                 .L0 
    881e     881e        0     1                 .L0 
    8822     8822        0     1                 .L0 
    8822     8822        0     1                 .L0 
    8826     8826        0     1                 .L0 
    8826     8826        0     1                 .L0 
    882a     882a        0     1                 .L0 
    882a     882a        0     1                 .L0 
    882e     882e        0     1                 .L0 
    882e     882e        0     1                 .L0 
    8832     8832        0     1                 .L0 
    8832     8832        0     1                 .L0 
    8836     8836        0     1                 .L0 
    8836     8836        0     1                 .L0 
    883a     883a        0     1                 .L0 
    883a     883a        0     1                 .L0 
    883e     883e        0     1                 .L0 
    883e     883e        0     1                 .L0 
    8842     8842        0     1                 .L0 
    8842     8842        0     1                 .L0 
    8846     8846        0     1                 .L0 
    8846     8846        0     1                 .L0 
    884a     884a        0     1                 .L0 
    884a     884a        0     1                 .L0 
    884e     884e        0     1                 .L0 
    884e     884e        0     1                 .L0 
    8852     8852        0     1                 .L0 
    8852     8852        0     1                 .L0 
    8856     8856        0     1                 .L0 
    8856     8856        0     1                 .L0 
    885a     885a        0     1                 .L0 
    885a     885a        0     1                 .L0 
    885e     885e        0     1                 .L0 
    885e     885e        0     1                 .L0 
    8862     8862        0     1                 .L0 
    8862     8862        0     1                 .L0 
    8866     8866        0     1                 .L0 
    8866     8866        0     1                 .L0 
    886a     886a        0     1                 .L0 
    886a     886a        0     1                 .L0 
    886e     886e        0     1                 .L0 
    886e     886e        0     1                 .L0 
    8872     8872        0     1                 .L0 
    8872     8872        0     1                 .L0 
    8876     8876        0     1                 .L0 
    8876     8876        0     1                 .L0 
    887a     887a        0     1                 .L0 
    887a     887a        0     1                 .L0 
    887e     887e        0     1                 .L0 
    887e     887e        0     1                 .L0 
    8882     8882        0     1                 .L0 
    8882     8882        0     1                 .L0 
    8886     8886        0     1                 .L0 
    8886     8886        0     1                 .L0 
    888a     888a        0     1                 .L0 
    888a     888a        0     1                 .L0 
    888e     888e        0     1                 .L0 
    888e     888e        0     1                 .L0 
    8892     8892        0     1                 .L0 
    8892     8892        0     1                 .L0 
    8896     8896        0     1                 .L0 
    8896     8896        0     1                 .L0 
    889a     889a        0     1                 .L0 
    889a     889a        0     1                 .L0 
    889e     889e        0     1                 .L0 
    889e     889e        0     1                 .L0 
    88a2     88a2        0     1                 .L0 
    88a2     88a2        0     1                 .L0 
    88a6     88a6        0     1                 .L0 
    88a6     88a6        0     1                 .L0 
    88aa     88aa        0     1                 .L0 
    88aa     88aa        0     1                 .L0 
    88ae     88ae        0     1                 .L0 
    88ae     88ae        0     1                 .L0 
    88b2     88b2        0     1                 .L0 
    88b2     88b2        0     1                 .L0 
    88b6     88b6        0     1                 .L0 
    88b6     88b6        0     1                 .L0 
    88ba     88ba        0     1                 .L0 
    88ba     88ba        0     1                 .L0 
    88be     88be        0     1                 .L0 
    88be     88be        0     1                 .L0 
    88c2     88c2        0     1                 .L0 
    88c2     88c2        0     1                 .L0 
    88c6     88c6        0     1                 .L0 
    88c6     88c6        0     1                 .L0 
    88ca     88ca        0     1                 .L0 
    88ca     88ca        0     1                 .L0 
    88ce     88ce        0     1                 .L0 
    88ce     88ce        0     1                 .L0 
    88d2     88d2        0     1                 .L0 
    88d2     88d2        0     1                 .L0 
    88d6     88d6        0     1                 .L0 
    88d6     88d6        0     1                 .L0 
    88da     88da        0     1                 .L0 
    88da     88da        0     1                 .L0 
    88de     88de        0     1                 .L0 
    88de     88de        0     1                 .L0 
    88e2     88e2        0     1                 .L0 
    88e2     88e2        0     1                 .L0 
    88e6     88e6        0     1                 .L0 
    88e6     88e6        0     1                 .L0 
    88ea     88ea        0     1                 .L0 
    88ea     88ea        0     1                 .L0 
    88ee     88ee        0     1                 .L0 
    88ee     88ee        0     1                 .L0 
    88f2     88f2        0     1                 .L0 
    88f2     88f2        0     1                 .L0 
    88f6     88f6        0     1                 .L0 
    88f6     88f6        0     1                 .L0 
    88fa     88fa        0     1                 .L0 
    88fa     88fa        0     1                 .L0 
    88fe     88fe        0     1                 .L0 
    88fe     88fe        0     1                 .L0 
    8902     8902        0     1                 .L0 
    8902     8902        0     1                 .L0 
    8906     8906        0     1                 .L0 
    8906     8906        0     1                 .L0 
    890a     890a        0     1                 .L0 
    890a     890a        0     1                 .L0 
    890e     890e        0     1                 .L0 
    890e     890e        0     1                 .L0 
    8912     8912        0     1                 .L0 
    8912     8912        0     1                 .L0 
    8916     8916        0     1                 .L0 
    8916     8916        0     1                 .L0 
    891a     891a        0     1                 .L0 
    891a     891a        0     1                 .L0 
    891e     891e        0     1                 .L0 
    891e     891e        0     1                 .L0 
    8922     8922        0     1                 .L0 
    8922     8922        0     1                 .L0 
    8926     8926        0     1                 .L0 
    8926     8926        0     1                 .L0 
    892a     892a        0     1                 .L0 
    892a     892a        0     1                 .L0 
    892e     892e        0     1                 .L0 
    892e     892e        0     1                 .L0 
    8932     8932        0     1                 .L0 
    8932     8932        0     1                 .L0 
    8936     8936        0     1                 .L0 
    8936     8936        0     1                 .L0 
    893a     893a        0     1                 .L0 
    893a     893a        0     1                 .L0 
    893e     893e        0     1                 .L0 
    893e     893e        0     1                 .L0 
    8942     8942        0     1                 .L0 
    8942     8942        0     1                 .L0 
    8946     8946        0     1                 .L0 
    8946     8946        0     1                 .L0 
    894a     894a        0     1                 .L0 
    894a     894a        0     1                 .L0 
    894e     894e        0     1                 .L0 
    894e     894e        0     1                 .L0 
    8952     8952        0     1                 .L0 
    8952     8952        0     1                 .L0 
    8956     8956        0     1                 .L0 
    8956     8956        0     1                 .L0 
    895a     895a        0     1                 .L0 
    895a     895a        0     1                 .L0 
    895e     895e        0     1                 .L0 
    895e     895e        0     1                 .L0 
    8962     8962        0     1                 .L0 
    8962     8962        0     1                 .L0 
    8966     8966        0     1                 .L0 
    8966     8966        0     1                 .L0 
    896a     896a        0     1                 .L0 
    896a     896a        0     1                 .L0 
    896e     896e        0     1                 .L0 
    896e     896e        0     1                 .L0 
    8972     8972        0     1                 .L0 
    8972     8972        0     1                 .L0 
    8976     8976        0     1                 .L0 
    8976     8976        0     1                 .L0 
    897a     897a        0     1                 .L0 
    897a     897a        0     1                 .L0 
    897e     897e        0     1                 .L0 
    897e     897e        0     1                 .L0 
    8982     8982        0     1                 .L0 
    8982     8982        0     1                 .L0 
    8986     8986        0     1                 .L0 
    8986     8986        0     1                 .L0 
    898a     898a        0     1                 .L0 
    898a     898a        0     1                 .L0 
    898e     898e        0     1                 .L0 
    898e     898e        0     1                 .L0 
    8992     8992        0     1                 .L0 
    8992     8992        0     1                 .L0 
    8996     8996        0     1                 .L0 
    8996     8996        0     1                 .L0 
    899a     899a        0     1                 .L0 
    899a     899a        0     1                 .L0 
    899e     899e        0     1                 .L0 
    899e     899e        0     1                 .L0 
    89a2     89a2        0     1                 .L0 
    89a2     89a2        0     1                 .L0 
    89a6     89a6        0     1                 .L0 
    89a6     89a6        0     1                 .L0 
    89aa     89aa        0     1                 .L0 
    89aa     89aa        0     1                 .L0 
    89ae     89ae        0     1                 .L0 
    89ae     89ae        0     1                 .L0 
    89b2     89b2        0     1                 .L0 
    89b2     89b2        0     1                 .L0 
    89b6     89b6        0     1                 .L0 
    89b6     89b6        0     1                 .L0 
    89ba     89ba        0     1                 .L0 
    89ba     89ba        0     1                 .L0 
    89be     89be        0     1                 .L0 
    89be     89be        0     1                 .L0 
    89c2     89c2        0     1                 .L0 
    89c2     89c2        0     1                 .L0 
    89c6     89c6        0     1                 .L0 
    89c6     89c6        0     1                 .L0 
    89ca     89ca        0     1                 .L0 
    89ca     89ca        0     1                 .L0 
    89ce     89ce        0     1                 .L0 
    89ce     89ce        0     1                 .L0 
    89d2     89d2        0     1                 .L0 
    89d2     89d2        0     1                 .L0 
    89d6     89d6        0     1                 .L0 
    89d6     89d6        0     1                 .L0 
    89da     89da        0     1                 .L0 
    89da     89da        0     1                 .L0 
    89de     89de        0     1                 .L0 
    89de     89de        0     1                 .L0 
    89e2     89e2        0     1                 .L0 
    89e2     89e2        0     1                 .L0 
    89e6     89e6        0     1                 .L0 
    89e6     89e6        0     1                 .L0 
    89ea     89ea        0     1                 .L0 
    89ea     89ea        0     1                 .L0 
    89ee     89ee        0     1                 .L0 
    89ee     89ee        0     1                 .L0 
    89f2     89f2        0     1                 .L0 
    89f2     89f2        0     1                 .L0 
    89f6     89f6        0     1                 .L0 
    89f6     89f6        0     1                 .L0 
    89fa     89fa        0     1                 .L0 
    89fa     89fa        0     1                 .L0 
    89fe     89fe        0     1                 .L0 
    89fe     89fe        0     1                 .L0 
    8a02     8a02        0     1                 .L0 
    8a02     8a02        0     1                 .L0 
    8a06     8a06        0     1                 .L0 
    8a06     8a06        0     1                 .L0 
    8a0a     8a0a        0     1                 .L0 
    8a0a     8a0a        0     1                 .L0 
    8a0e     8a0e        0     1                 .L0 
    8a0e     8a0e        0     1                 .L0 
    8a12     8a12        0     1                 .L0 
    8a12     8a12        0     1                 .L0 
    8a16     8a16        0     1                 .L0 
    8a16     8a16        0     1                 .L0 
    8a1a     8a1a        0     1                 .L0 
    8a1a     8a1a        0     1                 .L0 
    8a1e     8a1e        0     1                 .L0 
    8a1e     8a1e        0     1                 .L0 
    8a22     8a22        0     1                 .L0 
    8a22     8a22        0     1                 .L0 
    8a26     8a26        0     1                 .L0 
    8a26     8a26        0     1                 .L0 
    8a2a     8a2a        0     1                 .L0 
    8a2a     8a2a        0     1                 .L0 
    8a2e     8a2e        0     1                 .L0 
    8a2e     8a2e        0     1                 .L0 
    8a32     8a32        0     1                 .L0 
    8a32     8a32        0     1                 .L0 
    8a36     8a36        0     1                 .L0 
    8a36     8a36        0     1                 .L0 
    8a3a     8a3a        0     1                 .L0 
    8a3a     8a3a        0     1                 .L0 
    8a3e     8a3e        0     1                 .L0 
    8a3e     8a3e        0     1                 .L0 
    8a42     8a42        0     1                 .L0 
    8a42     8a42        0     1                 .L0 
    8a46     8a46        0     1                 .L0 
    8a46     8a46        0     1                 .L0 
    8a4a     8a4a        0     1                 .L0 
    8a4a     8a4a        0     1                 .L0 
    8a4e     8a4e        0     1                 .L0 
    8a4e     8a4e        0     1                 .L0 
    8a52     8a52        0     1                 .L0 
    8a52     8a52        0     1                 .L0 
    8a56     8a56        0     1                 .L0 
    8a56     8a56        0     1                 .L0 
    8a5a     8a5a        0     1                 .L0 
    8a5a     8a5a        0     1                 .L0 
    8a5e     8a5e        0     1                 .L0 
    8a5e     8a5e        0     1                 .L0 
    8a62     8a62        0     1                 .L0 
    8a62     8a62        0     1                 .L0 
    8a66     8a66        0     1                 .L0 
    8a66     8a66        0     1                 .L0 
    8a6a     8a6a        0     1                 .L0 
    8a6a     8a6a        0     1                 .L0 
    8a6e     8a6e        0     1                 .L0 
    8a6e     8a6e        0     1                 .L0 
    8a72     8a72        0     1                 .L0 
    8a72     8a72        0     1                 .L0 
    8a76     8a76        0     1                 .L0 
    8a76     8a76        0     1                 .L0 
    8a7a     8a7a        0     1                 .L0 
    8a7a     8a7a        0     1                 .L0 
    8a7e     8a7e        0     1                 .L0 
    8a7e     8a7e        0     1                 .L0 
    8a82     8a82        0     1                 .L0 
    8a82     8a82        0     1                 .L0 
    8a86     8a86        0     1                 .L0 
    8a86     8a86        0     1                 .L0 
    8a8a     8a8a        0     1                 .L0 
    8a8a     8a8a        0     1                 .L0 
    8a8e     8a8e        0     1                 .L0 
    8a8e     8a8e        0     1                 .L0 
    8a90     8a90        0     1                 .L0 
    8a90     8a90        0     1                 .L0 
    8a92     8a92        0     1                 .L0 
    8a92     8a92        0     1                 .L0 
    8a94     8a94        0     1                 .L0 
    8a94     8a94        0     1                 .L0 
    8a96     8a96        0     1                 .L0 
    8a96     8a96        0     1                 .L0 
    8a9a     8a9a        0     1                 .L0 
    8a9c     8a9c        0     1                 .L0 
    8a9e     8a9e        0     1                 .L0 
    8a9e     8a9e        0     1                 .L0 
    8aa0     8aa0        0     1                 .L0 
    8aa4     8aa4        0     1                 .L0 
    8aa4     8aa4        0     1                 .L0 
    8aa4     8aa4       40     2 .text.aes128_ecb_encrypt
    8aa4     8aa4       40     2         main.o:(.text.aes128_ecb_encrypt)
    8aa4     8aa4        0     1                 .L0 
    8aa4     8aa4        0     1                 .L0 
    8aa4     8aa4        0     1                 $x
    8aa4     8aa4        0     1                 .L0 
    8aa4     8aa4       40     1                 aes128_ecb_encrypt
    8ab2     8ab2        0     1                 .L0 
    8ab4     8ab4        0     1                 .L0 
    8ab6     8ab6        0     1                 .L0 
    8aba     8aba        0     1                 .L0 
    8abc     8abc        0     1                 .L0 
    8abe     8abe        0     1                 .L0 
    8ac0     8ac0        0     1                 .L0 
    8ac2     8ac2        0     1                 .L0 
    8ac2     8ac2        0     1                 .L0 
    8ac2     8ac2        0     1                 .L0 
    8ac6     8ac6        0     1                 .L0 
    8aca     8aca        0     1                 .L0 
    8ace     8ace        0     1                 .L0 
    8ace     8ace        0     1                 .L0 
    8ad0     8ad0        0     1                 .L0 
    8ad4     8ad4        0     1                 .L0 
    8ad4     8ad4        0     1                 .L0 
    8ad4     8ad4        0     1                 .L0 
    8ad8     8ad8        0     1                 .L0 
    8ae0     8ae0        0     1                 .L0 
    8ae4     8ae4        0     1                 .L0 
    8ae4     8ae4        0     1                 .L0 
    8ae4     8ae4        4     2 .text.write_to_address
    8ae4     8ae4        4     2         main.o:(.text.write_to_address)
    8ae4     8ae4        0     1                 .L0 
    8ae4     8ae4        0     1                 .L0 
    8ae4     8ae4        0     1                 $x
    8ae4     8ae4        0     1                 .L0 
    8ae4     8ae4        4     1                 write_to_address
    8ae6     8ae6        0     1                 .L0 
    8ae8     8ae8        0     1                 .L0 
    8ae8     8ae8       12     2 .text.write_v_to_address
    8ae8     8ae8       12     2         main.o:(.text.write_v_to_address)
    8ae8     8ae8        0     1                 .L0 
    8ae8     8ae8        0     1                 .L0 
    8ae8     8ae8        0     1                 $x
    8ae8     8ae8        0     1                 .L0 
    8ae8     8ae8       12     1                 write_v_to_address
    8aec     8aec        0     1                 .L0 
    8aec     8aec        0     1                 .L0 
    8aee     8aee        0     1                 .L0 
    8aee     8aee        0     1                 .L0 
    8af0     8af0        0     1                 .L0 
    8af4     8af4        0     1                 .L0 
    8af8     8af8        0     1                 .L0 
    8af8     8af8        0     1                 .L0 
    8afa     8afa        0     1                 .L0 
    8afa     8afa        0     1                 .L0 
    8afa     8afa       a6     2 .text.main
    8afa     8afa       a6     2         main.o:(.text.main)
    8afa     8afa        0     1                 .L0 
    8afa     8afa        0     1                 .L0 
    8afa     8afa        0     1                 $x
    8afa     8afa        0     1                 .L0 
    8afa     8afa       a6     1                 main
    8b02     8b02        0     1                 .L0 
    8b06     8b06        0     1                 .L0 
    8b06     8b06        0     1                 .L0 
    8b0e     8b0e        0     1                 .L0 
    8b16     8b16        0     1                 .L0 
    8b1c     8b1c        0     1                 .L0 
    8b1c     8b1c        0     1                 .L0 
    8b30     8b30        0     1                 .L0 
    8b3c     8b3c        0     1                 .L0 
    8b3c     8b3c        0     1                 .L0 
    8b44     8b44        0     1                 .L0 
    8b44     8b44        0     1                 .L0 
    8b46     8b46        0     1                 .L0 
    8b46     8b46        0     1                 .L0 
    8b48     8b48        0     1                 .L0 
    8b48     8b48        0     1                 .L0 
    8b4a     8b4a        0     1                 .L0 
    8b4a     8b4a        0     1                 .L0 
    8b4c     8b4c        0     1                 .L0 
    8b4c     8b4c        0     1                 .L0 
    8b4e     8b4e        0     1                 .L0 
    8b4e     8b4e        0     1                 .L0 
    8b50     8b50        0     1                 .L0 
    8b50     8b50        0     1                 .L0 
    8b54     8b54        0     1                 .L0 
    8b54     8b54        0     1                 .L0 
    8b5c     8b5c        0     1                 .L0 
    8b60     8b60        0     1                 .L0 
    8b60     8b60        0     1                 .L0 
    8b6a     8b6a        0     1                 .L0 
    8b6a     8b6a        0     1                 .L0 
    8b6e     8b6e        0     1                 .L0 
    8b6e     8b6e        0     1                 .L0 
    8b6e     8b6e        0     1                 .L0 
    8b72     8b72        0     1                 .L0 
    8b76     8b76        0     1                 .L0 
    8b76     8b76        0     1                 .L0 
    8b7a     8b7a        0     1                 .L0 
    8b7a     8b7a        0     1                 .L0 
    8b7c     8b7c        0     1                 .L0 
    8b80     8b80        0     1                 .L0 
    8b82     8b82        0     1                 .L0 
    8b82     8b82        0     1                 .L0 
    8b84     8b84        0     1                 .L0 
    8b84     8b84        0     1                 .L0 
    8b84     8b84        0     1                 .L0 
    8b92     8b92        0     1                 .L0 
    8b92     8b92        0     1                 .L0 
    8b94     8b94        0     1                 .L0 
    8b96     8b96        0     1                 .L0 
    8b9c     8b9c        0     1                 .L0 
    8ba0     8ba0        0     1                 .L0 
    8ba0     8ba0        0     1                 .L0 
  100000   100000      130     1 .rodata
  100000   100000        0     1         . = ALIGN(4)
  100000   100000      100     1         main.o:(.rodata.sbox)
  100000   100000      100     1                 sbox
  100000   100000        0     1                 $d
  100100   100100       30     1         <internal>:(.rodata.cst16)
  100130   100130        0     1 .shbss
  100130   100130        0     1         . = ALIGN(4)
  100130   100130        0     1 .data
  100130   100130        0     1         . = ALIGN(4)
  100130   100130        0     1         sdata = .
  100130   100130        0     1         _sdata = .
  100130   100130        0     1         edata = .
  100130   100130        0     1         _edata = .
  100130   100130        0     1 .bss
  100130   100130        0     1         . = ALIGN(4)
  100130   100130        0     1         _bss_start = .
  100130   100130        0     1         _bss_end = .
  104000   104000     4000     1 .stack
  104000   104000        0     1         . = ALIGN(4)
  104000   104000     4000     1         . = . + _min_stack 
  108000   108000        0     1         . = ALIGN(4)
  108000   108000        0     1         stack = . 
  108000   108000        0     1         _stack = . 
  100130   100130        0     1 .bss
  100130   100130        0     1         . = ALIGN(4)
  100130   100130        0     1         _end = .
       0        0      48e     1 .debug_abbrev
       0        0       31     1         include/exceptions.o:(.debug_abbrev)
       0        0        0     1                 $d
      31       31       31     1         include/int.o:(.debug_abbrev)
      31       31        0     1                 $d
      62       62       c2     1         include/tcutils.o:(.debug_abbrev)
      62       62        0     1                 $d
     124      124       cf     1         include/utils.o:(.debug_abbrev)
     124      124        0     1                 $d
     1f3      1f3      27c     1         main.o:(.debug_abbrev)
     1f3      1f3        0     1                 $d
     46f      46f       1f     1         crt0.riscv.o:(.debug_abbrev)
     46f      46f        0     1                 .L0 
     46f      46f        0     1                 $d
       0        0     18a6     1 .debug_info
       0        0       49     1         include/exceptions.o:(.debug_info)
       0        0        0     1                 $d
      49       49       8b     1         include/int.o:(.debug_info)
      49       49        0     1                 $d
      d4       d4      1c8     1         include/tcutils.o:(.debug_info)
      d4       d4        0     1                 $d
     29c      29c       a8     1         include/utils.o:(.debug_info)
     29c      29c        0     1                 $d
     344      344     1296     1         main.o:(.debug_info)
     344      344        0     1                 $d
    15da     15da      2cc     1         crt0.riscv.o:(.debug_info)
    15da     15da        0     1                 .L0 
    15da     15da        0     1                 $d
       0        0      70a     1 .debug_rnglists
       0        0       1a     1         include/exceptions.o:(.debug_rnglists)
       0        0        0     1                 $d
       c        c        0     1                 .L0 
      1a       1a       2c     1         include/int.o:(.debug_rnglists)
      1a       1a        0     1                 $d
      26       26        0     1                 .L0 
      46       46       23     1         include/tcutils.o:(.debug_rnglists)
      46       46        0     1                 $d
      52       52        0     1                 .L0 
      69       69       1a     1         include/utils.o:(.debug_rnglists)
      69       69        0     1                 $d
      75       75        0     1                 .L0 
      83       83      66c     1         main.o:(.debug_rnglists)
      83       83        0     1                 $d
      8f       8f        0     1                 .L0 
     6ef      6ef       1b     1         crt0.riscv.o:(.debug_rnglists)
     6ef      6ef        0     1                 $d
     6fb      6fb        0     1                 .L0 
       0        0      234     1 .debug_str_offsets
       0        0       20     1         include/exceptions.o:(.debug_str_offsets)
       0        0        0     1                 $d
       8        8        0     1                 .L0 
      20       20       38     1         include/int.o:(.debug_str_offsets)
      20       20        0     1                 $d
      28       28        0     1                 .L0 
      58       58       94     1         include/tcutils.o:(.debug_str_offsets)
      58       58        0     1                 $d
      60       60        0     1                 .L0 
      ec       ec       2c     1         include/utils.o:(.debug_str_offsets)
      ec       ec        0     1                 $d
      f4       f4        0     1                 .L0 
     118      118      11c     1         main.o:(.debug_str_offsets)
     118      118        0     1                 $d
     120      120        0     1                 .L0 
       0        0      44d     1 .debug_str
       0        0      44d     1         <internal>:(.debug_str)
       0        0      200     1 .debug_addr
       0        0       14     1         include/exceptions.o:(.debug_addr)
       0        0        0     1                 $d
       8        8        0     1                 .L0 
      14       14       2c     1         include/int.o:(.debug_addr)
      14       14        0     1                 $d
      1c       1c        0     1                 .L0 
      40       40       20     1         include/tcutils.o:(.debug_addr)
      40       40        0     1                 $d
      48       48        0     1                 .L0 
      60       60       18     1         include/utils.o:(.debug_addr)
      60       60        0     1                 $d
      68       68        0     1                 .L0 
      78       78      188     1         main.o:(.debug_addr)
      78       78        0     1                 $d
      80       80        0     1                 .L0 
       0        0       d4     1 .comment
       0        0       d4     1         <internal>:(.comment)
       0        0       80     1 .riscv.attributes
       0        0       80     1         <internal>:(.riscv.attributes)
       0        0      2e8     4 .debug_frame
       0        0       44     4         include/exceptions.o:(.debug_frame)
       0        0        0     1                 .L0 
       0        0        0     1                 $d
      44       44       a4     4         include/int.o:(.debug_frame)
      44       44        0     1                 .L0 
      44       44        0     1                 $d
      e8       e8       84     4         include/tcutils.o:(.debug_frame)
      e8       e8        0     1                 .L0 
      e8       e8        0     1                 $d
     16c      16c       4c     4         include/utils.o:(.debug_frame)
     16c      16c        0     1                 .L0 
     16c      16c        0     1                 $d
     1b8      1b8      130     4         main.o:(.debug_frame)
     1b8      1b8        0     1                 .L0 
     1b8      1b8        0     1                 $d
       0        0     193b     1 .debug_line
       0        0       82     1         include/exceptions.o:(.debug_line)
       0        0        0     1                 .Lline_table_start0
       0        0        0     1                 $d
      82       82      100     1         include/int.o:(.debug_line)
      82       82        0     1                 .Lline_table_start0
      82       82        0     1                 $d
     182      182      23f     1         include/tcutils.o:(.debug_line)
     182      182        0     1                 .Lline_table_start0
     182      182        0     1                 $d
     3c1      3c1       c3     1         include/utils.o:(.debug_line)
     3c1      3c1        0     1                 .Lline_table_start0
     3c1      3c1        0     1                 $d
     484      484      fdb     1         main.o:(.debug_line)
     484      484        0     1                 .Lline_table_start0
     484      484        0     1                 $d
    145f     145f      4dc     1         crt0.riscv.o:(.debug_line)
    145f     145f        0     1                 .Lline_table_start0
    145f     145f        0     1                 $d
       0        0      1ae     1 .debug_line_str
       0        0      1ae     1         <internal>:(.debug_line_str)
       0        0     1805     1 .debug_loclists
       0        0      115     1         include/tcutils.o:(.debug_loclists)
       0        0        0     1                 $d
       c        c        0     1                 .L0 
     115      115       1f     1         include/utils.o:(.debug_loclists)
     115      115        0     1                 $d
     121      121        0     1                 .L0 
     134      134     16d1     1         main.o:(.debug_loclists)
     134      134        0     1                 $d
     140      140        0     1                 .L0 
       0        0       28     1 .debug_aranges
       0        0       28     1         crt0.riscv.o:(.debug_aranges)
       0        0        0     1                 $d
       0        0      b50     4 .symtab
       0        0      b50     4         <internal>:(.symtab)
       0        0      355     1 .shstrtab
       0        0      355     1         <internal>:(.shstrtab)
       0        0      4a0     1 .strtab
       0        0      4a0     1         <internal>:(.strtab)
